< set O9UEDzFYbVkbhqREr.ODpgZ8F4Qay.IK8mYLkotJHcuzQJBGHZT4E0CT 0 0 1024
< get O9UEDzFYbVkbhqREr.ODpgZ8F4Qay.IK8mYLkotJHcuzQJBGHZT4E0CT
< set PskK6I5mKFmROkXOs8dOYAG.4ESBGSUfID.OV38pIuEhcm3TugrQq5Pu 0 0 1024
< get O9UEDzFYbVkbhqREr.ODpgZ8F4Qay.IK8mYLkotJHcuzQJBGHZT4E0CT
< set NcTOfb8EaqASurkjW3-TA1Elz3CJW3IuflGIKOWvCgL5W3o06nTHoh0l 0 0 1024
< get NcTOfb8EaqASurkjW3-TA1Elz3CJW3IuflGIKOWvCgL5W3o06nTHoh0l
< set IpD-AYcy.5j8vIXxvysGedHlnZZR-0DHpRGzztvxyc3suanoXd29FJu0 0 0 1024
< get IpD-AYcy.5j8vIXxvysGedHlnZZR-0DHpRGzztvxyc3suanoXd29FJu0
< set Ru3aI5bZKI7zhATaGISI6ZOBFTHPNJVoCZMUey1yE8vvIMUYewqkTCvi 0 0 1024
< get O9UEDzFYbVkbhqREr.ODpgZ8F4Qay.IK8mYLkotJHcuzQJBGHZT4E0CT
< set XJX3ec-oDx-1HmWhPODMt0AR.2k0OBtvUOy6.xvBsuC7ejo15-Ny-XNz 0 0 1024
< get NcTOfb8EaqASurkjW3-TA1Elz3CJW3IuflGIKOWvCgL5W3o06nTHoh0l
< set oEKc8qUoPE6kue759Uz.3gaymbeknX9ZmTAuIehhsnQlPXqZ-oX2S5.C 0 0 1024
< get O9UEDzFYbVkbhqREr.ODpgZ8F4Qay.IK8mYLkotJHcuzQJBGHZT4E0CT
< set Whibc3oVi16GJLMqg2GpzDGi5vbkzdqUIW3uZsNFtTWAos.TuFGrSXXX 0 0 1024
< get NcTOfb8EaqASurkjW3-TA1Elz3CJW3IuflGIKOWvCgL5W3o06nTHoh0l
< set 88pYd4pyL4K0BKOmM0HM62pxJLF2qlpzucVVgIR0Mm0X4OHQOZmVbaQu 0 0 1024
< get IpD-AYcy.5j8vIXxvysGedHlnZZR-0DHpRGzztvxyc3suanoXd29FJu0
< set uWi1mpY2.zyXWwzxG3Lr1lBFJnBOlredMKf67B8584ce.ZaFdv4eeGux 0 0 1024
< get Ru3aI5bZKI7zhATaGISI6ZOBFTHPNJVoCZMUey1yE8vvIMUYewqkTCvi
< set RLZvGKj3ZL9RkuHEEe5nBFy27gPqwLuMhRFxly-IH8j01-EFdJ0pZyrg 0 0 1024
< get XJX3ec-oDx-1HmWhPODMt0AR.2k0OBtvUOy6.xvBsuC7ejo15-Ny-XNz
< set vYNsCgdWp-EPaBiusSiXxx-495GmhsPbPmRbQ25E1JdbUJTLm9sh5rlE 0 0 1024
< get RLZvGKj3ZL9RkuHEEe5nBFy27gPqwLuMhRFxly-IH8j01-EFdJ0pZyrg
< set 9vXrWoeddbLE4k8u-Nhvx37vEQ5-BWQLPxAvkpXLOsaSaiKZ3-S.2ZtH 0 0 1024
< get O9UEDzFYbVkbhqREr.ODpgZ8F4Qay.IK8mYLkotJHcuzQJBGHZT4E0CT
< set hQtXKBVw7NXpgIkkzUZSR.pxbM9DUdS91JgMVAGcXoPB48v2cTU1RIy1 0 0 1024
< get hQtXKBVw7NXpgIkkzUZSR.pxbM9DUdS91JgMVAGcXoPB48v2cTU1RIy1
< set TsNrOWwXIXkwFtQvWg2uhxkhcIChDqyghJV3pPa6wI0A9Q3g46Ym1GRe 0 0 1024
< get oEKc8qUoPE6kue759Uz.3gaymbeknX9ZmTAuIehhsnQlPXqZ-oX2S5.C
< set 1.4vBM4QiIeIfgHK.tDgURN47XVDdtLesPX1mbSSu4kXk0sjt3NLUkPb 0 0 1024
< get XJX3ec-oDx-1HmWhPODMt0AR.2k0OBtvUOy6.xvBsuC7ejo15-Ny-XNz
< set 0JhpfqY5MZOI1lADtE9S7U8hP31DgZRnt7aWx6bHgzZhikvZy2-4W8lwB 0 0 1024
< get O9UEDzFYbVkbhqREr.ODpgZ8F4Qay.IK8mYLkotJHcuzQJBGHZT4E0CT
< set 1YqYC4Qqs28VHnIXKDduzHgL-Y.-1qPDNDmZIAN8CVeTHw.b7cT4t8Psg 0 0 1024
< get 1YqYC4Qqs28VHnIXKDduzHgL-Y.-1qPDNDmZIAN8CVeTHw.b7cT4t8Psg
< set 2hQUmVignsqYHLwwcP6-Q58iGC7ZOmCcRc5B6nstdgPu-Jociub6zkoEw 0 0 1024
< get RLZvGKj3ZL9RkuHEEe5nBFy27gPqwLuMhRFxly-IH8j01-EFdJ0pZyrg
< set 3lmywFzbTq15aCViFraDgHVaYrm5ifYoOJlJYiu0Ww546amMPKZ3c2d8u 0 0 1024
< get 0JhpfqY5MZOI1lADtE9S7U8hP31DgZRnt7aWx6bHgzZhikvZy2-4W8lwB
< set 4ipwtdg3pQD6u9bmrDGj6C0vJ6fIWXGaE3U5g89TZMZRV9BKMR1Sd1Mw7 0 0 1024
< get oEKc8qUoPE6kue759Uz.3gaymbeknX9ZmTAuIehhsnQlPXqZ-oX2S5.C
< set 52t5ELntxhqqrvOo4qpuorJ-s9wJ3UQuWH.kclbXQPLFIk1NYrFKgZJXi 0 0 1024
< get 2hQUmVignsqYHLwwcP6-Q58iGC7ZOmCcRc5B6nstdgPu-Jociub6zkoEw
< set 6Ay2OHEVAE9LI6BK2qiAHIhGdrvBLTeCdaE-rSV-heKzkVHmKzwbFbrtR 0 0 1024
< get oEKc8qUoPE6kue759Uz.3gaymbeknX9ZmTAuIehhsnQlPXqZ-oX2S5.C
< set 7qNJiC7so3Y2SWMtH7i4SHwou5G1b8nMy8feKmU6p09FXV6ocot24nrys 0 0 1024
< get 3lmywFzbTq15aCViFraDgHVaYrm5ifYoOJlJYiu0Ww546amMPKZ3c2d8u
< set 8Y7lioqkPF1Tg7TuhW7-zqcAFr-EB.5uWDdC-RwOgxrK2IDkoKjl8JvN8 0 0 1024
< get vYNsCgdWp-EPaBiusSiXxx-495GmhsPbPmRbQ25E1JdbUJTLm9sh5rlE
< set 96u6w9TOLBHlBOMTTqbZ9T0bH-gW4kKyqC2kLW6ghNQslmJDbumkMmJdm 0 0 1024
< get IpD-AYcy.5j8vIXxvysGedHlnZZR-0DHpRGzztvxyc3suanoXd29FJu0
< set :1TKvdA..3uXgwurko0GXqf-xv22hMGVNkpGL.EJ16qh0iWkUW.-Kd-FX 0 0 1024
< get 96u6w9TOLBHlBOMTTqbZ9T0bH-gW4kKyqC2kLW6ghNQslmJDbumkMmJdm
< set ;WVjhxVt4X59Z5jtnIFeuxirq9bU5MyMsS3XNYOS4TbdZIVKakzSgfIUo 0 0 1024
< get 8Y7lioqkPF1Tg7TuhW7-zqcAFr-EB.5uWDdC-RwOgxrK2IDkoKjl8JvN8
< set <5i4gm9QHLJqsjl2thMpxmCjHxBv0VOVa4ZEqje52xwuffxWLHJG1WzJR 0 0 1024
< get ;WVjhxVt4X59Z5jtnIFeuxirq9bU5MyMsS3XNYOS4TbdZIVKakzSgfIUo
< set =Oqu7GY3Bqf9tEf22Mt.NyqS6J0.da3yzuq48M7JAmS1.630Sx.qtpGz6 0 0 1024
< get Whibc3oVi16GJLMqg2GpzDGi5vbkzdqUIW3uZsNFtTWAos.TuFGrSXXX
< set >dzPxWciqyRAdHvkXVX6SbHYvS0dJDm7qjWmD7S23uCh95Phawn1V2ZOU 0 0 1024
< get NcTOfb8EaqASurkjW3-TA1Elz3CJW3IuflGIKOWvCgL5W3o06nTHoh0l
< set ?Xq.UAc86QfSzIRqd7fo-cHjLwoaEBS5iG4AQgIX4xz1EPrrWUdV5vCQp 0 0 1024
< get :1TKvdA..3uXgwurko0GXqf-xv22hMGVNkpGL.EJ16qh0iWkUW.-Kd-FX
< set PQHTBj9Aaq3S9QeCM6Gk30PbJ6nqx1k5R-YcihnHVqjeELraS5JV6i4Pp 0 0 1024
< get PskK6I5mKFmROkXOs8dOYAG.4ESBGSUfID.OV38pIuEhcm3TugrQq5Pu
< set QBQaDHfbfQhiY1JNlvtks03bq99t-Tc6e1grIJRxj6dF7xctqTbhTeGIn 0 0 1024
< get 9vXrWoeddbLE4k8u-Nhvx37vEQ5-BWQLPxAvkpXLOsaSaiKZ3-S.2ZtH
< set RKetjgjZj01TAZzThJ33fjBm5d6w4A1eUgVBKDk1DlUNJRq.lt1OaD8gq 0 0 1024
< get uWi1mpY2.zyXWwzxG3Lr1lBFJnBOlredMKf67B8584ce.ZaFdv4eeGux
< set S05hH0--MxEd4g3nZZNBjw2TY.vG926u3BaKBZJXVY9ZCCLlmiwTcyw9w 0 0 1024
< get 52t5ELntxhqqrvOo4qpuorJ-s9wJ3UQuWH.kclbXQPLFIk1NYrFKgZJXi
< set T79YfcEL6oH.-6Copoqrwppjyn7wjMFUTO17-FS51j41pGpd2dSyQFfN1 0 0 1024
< get =Oqu7GY3Bqf9tEf22Mt.NyqS6J0.da3yzuq48M7JAmS1.630Sx.qtpGz6
< set UTUI2jz8nXM4kWiVf6dSrStHXLfbP6p5ZHNc.Kklr4qZbW2EcghR6Yidt 0 0 1024
< get PQHTBj9Aaq3S9QeCM6Gk30PbJ6nqx1k5R-YcihnHVqjeELraS5JV6i4Pp
< set V-n-KcpTV1rHPEJBjXDTq.9ga1zf-A399r9TRyxxzmCM.VXh0k8qiHUGI 0 0 1024
< get 1.4vBM4QiIeIfgHK.tDgURN47XVDdtLesPX1mbSSu4kXk0sjt3NLUkPb
< set WvC6sOJMsjglPutlmLuRnzVAKPZ6qEsu72.zQIJG-.-Ost7cC01zzX8Hw 0 0 1024
< get <5i4gm9QHLJqsjl2thMpxmCjHxBv0VOVa4ZEqje52xwuffxWLHJG1WzJR
< set X8KQAOlwczK0eWAbwOB5p1ML8cHhiBTBJnbTAKNmHhmvBxU6JgB6hXRq7 0 0 1024
< get O9UEDzFYbVkbhqREr.ODpgZ8F4Qay.IK8mYLkotJHcuzQJBGHZT4E0CT
< set Y8bvRwirZ-QtE4aI7mgGmwf6WzZgk.E26qxYkdNIcn9qrj6yTmDDgsKBq 0 0 1024
< get 52t5ELntxhqqrvOo4qpuorJ-s9wJ3UQuWH.kclbXQPLFIk1NYrFKgZJXi
< set ZstquZpAoz.SWzemXNzOs-S9uK7RQH4S7xG-U49G17jY4LIciG.YFQi7l 0 0 1024
< get RLZvGKj3ZL9RkuHEEe5nBFy27gPqwLuMhRFxly-IH8j01-EFdJ0pZyrg
< set [oJDWRZuZvWAEEDeLMmCzFKaWdHrI.9amSnGuK8REebSso4C9rO64igaJ 0 0 1024
< get hQtXKBVw7NXpgIkkzUZSR.pxbM9DUdS91JgMVAGcXoPB48v2cTU1RIy1
< set \k9aVwtUc2SXDHTQkbyIvEXfLzKbXHI70RhVMYzyaQUnhxBPW8hQMC3h9 0 0 1024
< get ZstquZpAoz.SWzemXNzOs-S9uK7RQH4S7xG-U49G17jY4LIciG.YFQi7l
< set ]P2WbsBqXY-PQ.D6eElcWGcVcrhg1qFiDICo8Ndgwc3KaHQCV9p-QPU0E 0 0 1024
< get 0JhpfqY5MZOI1lADtE9S7U8hP31DgZRnt7aWx6bHgzZhikvZy2-4W8lwB
< set ^nXNX3RhVhJl8wtJ0C4Gz2t6JcfhJeC3PjQxmscFXv.fqrzq115-3y5MY 0 0 1024
< get ^nXNX3RhVhJl8wtJ0C4Gz2t6JcfhJeC3PjQxmscFXv.fqrzq115-3y5MY
< set _H2jLeOCaSwESHtQCiM9ZHnxnDexog2hx4OHjmTHDNVfeM3r3P.cglXRy 0 0 1024
< get vYNsCgdWp-EPaBiusSiXxx-495GmhsPbPmRbQ25E1JdbUJTLm9sh5rlE
< set p5swYtz3C-N2nL7YfTGxInQ4PYleKeKgjAaF1YJDXgGJ-Nreq6a6t.BGW 0 0 1024
< get ]P2WbsBqXY-PQ.D6eElcWGcVcrhg1qFiDICo8Ndgwc3KaHQCV9p-QPU0E
< set q6vSEu3ePoIJGEpXIM3-vSzvlj.ZR6V0COTRGW3fILyYal3s56s-ZpuIW 0 0 1024
< get \k9aVwtUc2SXDHTQkbyIvEXfLzKbXHI70RhVMYzyaQUnhxBPW8hQMC3h9
< set r8CeEZT.kJ7AzcjxIbvGXSYiZeIeH256AHkOqBMYUUiS4PNM.GdVj9BGn 0 0 1024
< get TsNrOWwXIXkwFtQvWg2uhxkhcIChDqyghJV3pPa6wI0A9Q3g46Ym1GRe
< set sN-tlDoW6ZDJkq02ycMFTz28DghTfIFWgENPR9vXj6qRxqTtQq7tn90.p 0 0 1024
< get T79YfcEL6oH.-6Copoqrwppjyn7wjMFUTO17-FS51j41pGpd2dSyQFfN1
< set tm1MXB9A0HM-VvZwl.H3EuExdatgMWiBGjXnvgyvxIuQBRKxPb.dTCY4n 0 0 1024
< get :1TKvdA..3uXgwurko0GXqf-xv22hMGVNkpGL.EJ16qh0iWkUW.-Kd-FX
< set uQvlcg4Mm3sCYgZNFZ5qw7wJSUCZI-W2QPo04sMqvD1Rtao67ux1-rLRJ 0 0 1024
< get =Oqu7GY3Bqf9tEf22Mt.NyqS6J0.da3yzuq48M7JAmS1.630Sx.qtpGz6
< set vUDvdotqewMnObHC5c.dMF6mf6St.fCw7PpkBhYpbuazTsAZS8AoNHY0N 0 0 1024
< get Whibc3oVi16GJLMqg2GpzDGi5vbkzdqUIW3uZsNFtTWAos.TuFGrSXXX
< set wtd0R7YjDUDPX5xVT9ehRara.fxkZOiMGJMhRuOeNc1uhzO860pYbe6ZH 0 0 1024
< get Y8bvRwirZ-QtE4aI7mgGmwf6WzZgk.E26qxYkdNIcn9qrj6yTmDDgsKBq
< set x73fa.vS.cYqEn.jPcH7UApZEKFwgLWeSZH0XBSWn-K-mIiAu.HM84wNO 0 0 1024
< get NcTOfb8EaqASurkjW3-TA1Elz3CJW3IuflGIKOWvCgL5W3o06nTHoh0l
< set yfPjMiOWK0O2huvqf.-Y0Nd8cqAQWAVcpuJAbigvi2xNwqBZoA5pXix7W 0 0 1024
< get 88pYd4pyL4K0BKOmM0HM62pxJLF2qlpzucVVgIR0Mm0X4OHQOZmVbaQu
< set zU0kRy265SfkREq0AZSidalJB2gdm.b-SbjuYl.dBdLdr9d-i4hJeQcqS 0 0 1024
< get vYNsCgdWp-EPaBiusSiXxx-495GmhsPbPmRbQ25E1JdbUJTLm9sh5rlE
< set {Z3tBOnpE73dx9qSfT7AXx.OsoGqXXpf5sWGEH4TP74KGunvLu3sp1Ffp 0 0 1024
< get oEKc8qUoPE6kue759Uz.3gaymbeknX9ZmTAuIehhsnQlPXqZ-oX2S5.C
< set |SmonUiPv5kLRKLlwqqPfq4CYvdztU7lwtYhLE5EJpZk7uT1jHQM5UYdO 0 0 1024
< get RLZvGKj3ZL9RkuHEEe5nBFy27gPqwLuMhRFxly-IH8j01-EFdJ0pZyrg
< set }KpSo2DddPqq8mkZLwt7LBeCwDgc0gAz.zPm-cOd-CR7y9gH3XOPj1bdE 0 0 1024
< get q6vSEu3ePoIJGEpXIM3-vSzvlj.ZR6V0COTRGW3fILyYal3s56s-ZpuIW
< set ~iL5Dfz63F3c8Z8j5.-vU0jFdlsgq4Gymc2.F-4IE8uNh04n-3gT4Njh6 0 0 1024
< get 9vXrWoeddbLE4k8u-Nhvx37vEQ5-BWQLPxAvkpXLOsaSaiKZ3-S.2ZtH
< set RIbu62-y5wIpunUyHUv3xEucXBdZe2z3LYxRbwNgrgTjRxfiQYmLnexI 0 0 1024
< get S05hH0--MxEd4g3nZZNBjw2TY.vG926u3BaKBZJXVY9ZCCLlmiwTcyw9w
< set NiWumi3p57yKY.x1B20OCMdUvVC750bTi5LToOGtVCB2A73M93kMQLqJ 0 0 1024
< get p5swYtz3C-N2nL7YfTGxInQ4PYleKeKgjAaF1YJDXgGJ-Nreq6a6t.BGW
< set ‘vh7PLl5fdFLfzQ-mrVEG1uomhKeaQf8JKFjf.oIb1eF-2Eltjz8kswUX 0 0 1024
< get NcTOfb8EaqASurkjW3-TA1Elz3CJW3IuflGIKOWvCgL5W3o06nTHoh0l
< set ’QfBOI3PBda8uUd2GkUAdlJ2FkQlCZrk.VvMnylyZJ4SnhU2QyC1hV3wE 0 0 1024
< get ‘vh7PLl5fdFLfzQ-mrVEG1uomhKeaQf8JKFjf.oIb1eF-2Eltjz8kswUX
< set “-ywdcbz-sZEaYyNK1CLEaN0O8qmxKgpKcjxCJuC9RQjzM4HNGcbqzbD6 0 0 1024
< get sN-tlDoW6ZDJkq02ycMFTz28DghTfIFWgENPR9vXj6qRxqTtQq7tn90.p
< set ”dTuCgrNL18W1xBjNaUaRE8mn4VmEmd2O4wakmy4n4ao-lVMKzxlB3Vy7 0 0 1024
< get UTUI2jz8nXM4kWiVf6dSrStHXLfbP6p5ZHNc.Kklr4qZbW2EcghR6Yidt
< set •QB5nbx9pRi4ho7ZpzO.fMt22BflHfvc44hrfc-S1hXiTeFHbdFEz6G-H 0 0 1024
< get |SmonUiPv5kLRKLlwqqPfq4CYvdztU7lwtYhLE5EJpZk7uT1jHQM5UYdO
< set –..b1SKm26lIw9mnOxI0FAUT9D-ONHmMFlxHBF1DMmVGvF1HAJHPTlsdz 0 0 1024
< get –..b1SKm26lIw9mnOxI0FAUT9D-ONHmMFlxHBF1DMmVGvF1HAJHPTlsdz
< set —QairgDZB8jiacn1Ts9pvpCG.4V0v6ZhW7OLnbuykcfICQKfGTS9GeQEi 0 0 1024
< get XJX3ec-oDx-1HmWhPODMt0AR.2k0OBtvUOy6.xvBsuC7ejo15-Ny-XNz
< set ˜row2XZOD6.GdbW-dqynYz4MG3g4.iQJXDDZkmxxtvCUViU6WQt3NxPd. 0 0 1024
< get zU0kRy265SfkREq0AZSidalJB2gdm.b-SbjuYl.dBdLdr9d-i4hJeQcqS
< set ™ztuHLFxjZWvF8Js8BTm7LIgVgrBWUapRRhinxdUU8OjGhZOs08zLQdr5 0 0 1024
< get oEKc8qUoPE6kue759Uz.3gaymbeknX9ZmTAuIehhsnQlPXqZ-oX2S5.C
< set šffwmnGiibEzqrsaCMrtZm31YibPuhduLGo522nke0hSrX01tsvRcyS9e 0 0 1024
< get IpD-AYcy.5j8vIXxvysGedHlnZZR-0DHpRGzztvxyc3suanoXd29FJu0
< set ›Ww5734R3y3pRQ5Z3v7jA.oFZ9CiAuyYOtdVwhxzd.m3PscSlj9vhx8E4 0 0 1024
< get ;WVjhxVt4X59Z5jtnIFeuxirq9bU5MyMsS3XNYOS4TbdZIVKakzSgfIUo
< set œePhiVyknxHYFmHJnZh.zXioKhz29G0VuPAau6If1ZBHKTa50G3znml5R 0 0 1024
< get •QB5nbx9pRi4ho7ZpzO.fMt22BflHfvc44hrfc-S1hXiTeFHbdFEz6G-H
< set dXTCpZpBSIn6pX-mdHC5qCMlSiSSRKt3rKFft3qJLbP96Ovkf5pTI9Dk 0 0 1024
< get uQvlcg4Mm3sCYgZNFZ5qw7wJSUCZI-W2QPo04sMqvD1Rtao67ux1-rLRJ
< set žnhQ09NLGDswJbdPQ.rWfnlyzIVyNYGCJycJ5.eLBUGU3ttUrj.VUjRR- 0 0 1024
< get ;WVjhxVt4X59Z5jtnIFeuxirq9bU5MyMsS3XNYOS4TbdZIVKakzSgfIUo
< set ŸO5ZpLCsPVEqvaDO9wjzmxhvo7l5faCNyHxlc7b0dpqWO1uXxbUhX9bJG 0 0 1024
< get šffwmnGiibEzqrsaCMrtZm31YibPuhduLGo522nke0hSrX01tsvRcyS9e
< set °5BQA23Axchr6rpcJTbM0P38dgcyMCKlIV9SXCdSpIHv75VQY4mYTpg4T 0 0 1024
< get \k9aVwtUc2SXDHTQkbyIvEXfLzKbXHI70RhVMYzyaQUnhxBPW8hQMC3h9
< set ±-y1gidllWWRx0Ch1B2lwAQt5JEs6Lb3LX4-EilzCFO7FapGlr-f0QW5j 0 0 1024
< get ±-y1gidllWWRx0Ch1B2lwAQt5JEs6Lb3LX4-EilzCFO7FapGlr-f0QW5j
< set ²1ramx.vqYns.yRRGDZNAyyou8S0t63M7uxtqvneSYUQVvrl6O7HK33DB 0 0 1024
< get wtd0R7YjDUDPX5xVT9ehRara.fxkZOiMGJMhRuOeNc1uhzO860pYbe6ZH
< set ³u0RRrxZ5Pvw0oYL8vuaXbHciQoK8jpFcpg1ecak-Ue-GAKP3DzboFBVf 0 0 1024
< get [oJDWRZuZvWAEEDeLMmCzFKaWdHrI.9amSnGuK8REebSso4C9rO64igaJ
< set ´acvRkYR08xYyMFIevbcTnVgOZJ5JQal.AePuAquIlRE5gXjZ6J1tohFM 0 0 1024
< get hQtXKBVw7NXpgIkkzUZSR.pxbM9DUdS91JgMVAGcXoPB48v2cTU1RIy1
< set µFpUXNuep1IiaPSI4LkfGmHBL.azSGHbW431RxfEyyxXLNpQjX3zHK8cJ 0 0 1024
< get ›Ww5734R3y3pRQ5Z3v7jA.oFZ9CiAuyYOtdVwhxzd.m3PscSlj9vhx8E4
< set ¶rF0vFYd3OTyWXEF95d4rd-pzfhnbBpM02MvHuWKGzGnUU0eadiPFiCCL 0 0 1024
< get TsNrOWwXIXkwFtQvWg2uhxkhcIChDqyghJV3pPa6wI0A9Q3g46Ym1GRe
< set ·6jEVZU8dOSamxBfhX0t.tnhoHgjcQgBWOP-xt7ZGa70VIfApf1oWoTI3 0 0 1024
< get PskK6I5mKFmROkXOs8dOYAG.4ESBGSUfID.OV38pIuEhcm3TugrQq5Pu
< set ¸bAjT.aft9SIYw1V8laUOAeXhglfNofAOpurnSUfbwx7qzcyiAQ4K2b-i 0 0 1024
< get —QairgDZB8jiacn1Ts9pvpCG.4V0v6ZhW7OLnbuykcfICQKfGTS9GeQEi
< set ¹ud39VIy9Wnag--CQlVxwljc0X6U4dWmW7pfc5cmcNKGMKSm3xizhPahx 0 0 1024
< get ²1ramx.vqYns.yRRGDZNAyyou8S0t63M7uxtqvneSYUQVvrl6O7HK33DB
< set ºrlh.fP.BHBTjTx2dEfAJ78YcGe4veDkTyPRboPm3aDn18peNSogZwC9A 0 0 1024
< get ”dTuCgrNL18W1xBjNaUaRE8mn4VmEmd2O4wakmy4n4ao-lVMKzxlB3Vy7
< set »T2HX9pJdMTL9-1.0nGwcI0QPm5RKovWFxom5b3ixX25W33WqJQRbRr.B 0 0 1024
< get wtd0R7YjDUDPX5xVT9ehRara.fxkZOiMGJMhRuOeNc1uhzO860pYbe6ZH
< set ¼NPjQHUxfA9KvMPaRBRSON-hYrjEAFvPcJ60aayDl5XeRwDt5eJU-I9X8 0 0 1024
< get PQHTBj9Aaq3S9QeCM6Gk30PbJ6nqx1k5R-YcihnHVqjeELraS5JV6i4Pp
< set ½vXQk.SorFx9VNDyYSHcVnZ57tdJxmwNgRnOQEAFT6OyTbu-1AbWx9c20 0 0 1024
< get 0JhpfqY5MZOI1lADtE9S7U8hP31DgZRnt7aWx6bHgzZhikvZy2-4W8lwB
< set ¾GMoagubqcj0RmpzJOuCb207Y79bWsQk6mWhQOGE.zEQj1N0PGC.ID5rK 0 0 1024
< get \k9aVwtUc2SXDHTQkbyIvEXfLzKbXHI70RhVMYzyaQUnhxBPW8hQMC3h9
< set ¿BTvvqCt03QyGn-Djy.h8Jia7ET8nwD95g3.VFsVIGSZ1RmlOkQW1748L 0 0 1024
< get UTUI2jz8nXM4kWiVf6dSrStHXLfbP6p5ZHNc.Kklr4qZbW2EcghR6Yidt
< set ÐPemqEhmymgpQ5ztKfTAacTCgJSMw1xyRaiFoN0k7gXXmUO47sEiShu6- 0 0 1024
< get IpD-AYcy.5j8vIXxvysGedHlnZZR-0DHpRGzztvxyc3suanoXd29FJu0
< set ÑQZdGk-VmIsDtTDT0e8np74gVNKMmSinsFP6zObjgRxXv8-vn7haElFk7 0 0 1024
< get Y8bvRwirZ-QtE4aI7mgGmwf6WzZgk.E26qxYkdNIcn9qrj6yTmDDgsKBq
< set Ò1zfjq88Stwy0JOfrd3B7.GGHvCzqb7Gc5wKv2SLvMHvfgYVHbgOZxfqq 0 0 1024
< get {Z3tBOnpE73dx9qSfT7AXx.OsoGqXXpf5sWGEH4TP74KGunvLu3sp1Ffp
< set ÓMwef2Z7I0uC.FZcgfQN13faCW1fv2AAO4p26M9ON1bLG8xwnMIoPxNbR 0 0 1024
< get ¼NPjQHUxfA9KvMPaRBRSON-hYrjEAFvPcJ60aayDl5XeRwDt5eJU-I9X8
< set Ô4wG8yAWsT9fp08HZUBRl2XWAZUXwiwpmr3vnDPdgZGUZOl7swYcy367d 0 0 1024
< get ·6jEVZU8dOSamxBfhX0t.tnhoHgjcQgBWOP-xt7ZGa70VIfApf1oWoTI3
< set ÕWvq05Yrs3lIfAdokfLrmDP952-Mzge9BXzBdW1TZmmCwN-e0KTmXtvdv 0 0 1024
< get uWi1mpY2.zyXWwzxG3Lr1lBFJnBOlredMKf67B8584ce.ZaFdv4eeGux
< set Ö6z99Mky6T-2Kd0wWc1pEzvxcE0NQiPPpNZyjHupktr3Urz-R-ofyhaYv 0 0 1024
< get tm1MXB9A0HM-VvZwl.H3EuExdatgMWiBGjXnvgyvxIuQBRKxPb.dTCY4n
< set ×laXO6tiFM9pasWl15r5abHK8Z6HSBZpx7LJEC-TZ8G7.ms-ri5QHMkPv 0 0 1024
< get ¾GMoagubqcj0RmpzJOuCb207Y79bWsQk6mWhQOGE.zEQj1N0PGC.ID5rK
< set Øyr6OonThbOAe3yMvWNgZVy3TcWTH5WG1LNP78tojFyMIuiBP3syZo-0O 0 0 1024
< get ¹ud39VIy9Wnag--CQlVxwljc0X6U4dWmW7pfc5cmcNKGMKSm3xizhPahx
< set Ù1Z1MWlzNsJfm7WC6WR0YTgp8QlbkeYNf5O-b7zy.GckO6wUcMU8p9xxZ 0 0 1024
< get Ô4wG8yAWsT9fp08HZUBRl2XWAZUXwiwpmr3vnDPdgZGUZOl7swYcy367d
< set ÚU8FXqyLRZU3gx9PtbxrNpUXKiR1X3hnYq03eyO3Vs69nFZerUUCHyjcf 0 0 1024
< get ½vXQk.SorFx9VNDyYSHcVnZ57tdJxmwNgRnOQEAFT6OyTbu-1AbWx9c20
< set Ûnku6ASrqU4T49mUmEWz0L5YRutwHGqU2YN8ipzWH1zLBkqxyKuyfzU4s 0 0 1024
< get PQHTBj9Aaq3S9QeCM6Gk30PbJ6nqx1k5R-YcihnHVqjeELraS5JV6i4Pp
< set ÜgQNIA0Gqzqz3YPHpieZ6Zzj8E2WZS5x7VIPfIfUFURJ0qaqXDNdmKLuY 0 0 1024
< get ¸bAjT.aft9SIYw1V8laUOAeXhglfNofAOpurnSUfbwx7qzcyiAQ4K2b-i
< set ÝrwV31OJqEjxZE-UJBlz9xZk1Tm-p88Tz2y13KKtY1p5GoZZzIW6D3qEW 0 0 1024
< get ÕWvq05Yrs3lIfAdokfLrmDP952-Mzge9BXzBdW1TZmmCwN-e0KTmXtvdv
< set ÞpwaqlOZCiIBDlTphZp9iZbuyY4q3Y.-Lua9dyiqe--rkSeP0RZi-8axg 0 0 1024
< get ¶rF0vFYd3OTyWXEF95d4rd-pzfhnbBpM02MvHuWKGzGnUU0eadiPFiCCL
< set ßjiCBp4fe7vvBHuiyOPN-ZRoS8w02ZjDHPPSCU5qb.kmGcTC.sZzQ.ms6 0 0 1024
< get ›Ww5734R3y3pRQ5Z3v7jA.oFZ9CiAuyYOtdVwhxzd.m3PscSlj9vhx8E4
< set ðbttMItlybaaxnyZkWoe10D-LkMbgWdw5UnRneAjElH9WEiFkUtlU4kpo 0 0 1024
< get Ö6z99Mky6T-2Kd0wWc1pEzvxcE0NQiPPpNZyjHupktr3Urz-R-ofyhaYv
< set ñRDKD8ySjYUyFiVa5p5muRpzRRtZfW-xyCF9KBb1j3zymTWrGbb81O5Sp 0 0 1024
< get ´acvRkYR08xYyMFIevbcTnVgOZJ5JQal.AePuAquIlRE5gXjZ6J1tohFM
< set òLvMhlVgWx2-F58OFrQhjf9Delo9Lzp6JiS.Rxfythx6n3V0uvhbZqoBZ 0 0 1024
< get »T2HX9pJdMTL9-1.0nGwcI0QPm5RKovWFxom5b3ixX25W33WqJQRbRr.B
< set óYhxVGu2VtobNvLtcnjT7EgNIWK1Hw16Si2xywzRnm08fL-F6jjExNbDu 0 0 1024
< get ßjiCBp4fe7vvBHuiyOPN-ZRoS8w02ZjDHPPSCU5qb.kmGcTC.sZzQ.ms6
< set ôP4DtzJorj77VwKmHmJQCkXJM79pzI4Mi9ZZ6tLyaT34NNqe872KrZdBg 0 0 1024
< get vUDvdotqewMnObHC5c.dMF6mf6St.fCw7PpkBhYpbuazTsAZS8AoNHY0N
< set õAKWlImgRZZxS8LeWSqSnPdiWVB.uFroP9I8S2otbMo1U8g.aUQMt12NW 0 0 1024
< get ³u0RRrxZ5Pvw0oYL8vuaXbHciQoK8jpFcpg1ecak-Ue-GAKP3DzboFBVf
< set öKyKfjDAsDihaLJ6jeNIm-L49UnXB5L3PHO2.bCqovVMEoTyQqEBpaFy2 0 0 1024
< get šffwmnGiibEzqrsaCMrtZm31YibPuhduLGo522nke0hSrX01tsvRcyS9e
< set ÷VCBsRYrWSxjfq0mYuZkk6RuEI57Tcu154DxVlm-ChjrVjb1b9lJFABTS 0 0 1024
< get ™ztuHLFxjZWvF8Js8BTm7LIgVgrBWUapRRhinxdUU8OjGhZOs08zLQdr5
< set ømafnQ.fDovoR.p9UN.K6V5x.BJyX3bpp9SbZQEnD7Ze5NnZkmtqFylE8 0 0 1024
< get zU0kRy265SfkREq0AZSidalJB2gdm.b-SbjuYl.dBdLdr9d-i4hJeQcqS
< set ùYzzsia-u285DiSVEIdoDlqvDbw0XdCH99E0so-kr7p2qFX2X9qkufe5E 0 0 1024
< get ½vXQk.SorFx9VNDyYSHcVnZ57tdJxmwNgRnOQEAFT6OyTbu-1AbWx9c20
< set úWgKVZbCtn8q-kXw8qP38qK.P03934PSa3m3dLGU6OI56p0EePHmDclcc 0 0 1024
< get Y8bvRwirZ-QtE4aI7mgGmwf6WzZgk.E26qxYkdNIcn9qrj6yTmDDgsKBq
< set ûity6B3CJu6ERkJ9.R.oeuTdrQdhD-MtiEpoPs.ik4x9oEImfHYI9-v-P 0 0 1024
< get UTUI2jz8nXM4kWiVf6dSrStHXLfbP6p5ZHNc.Kklr4qZbW2EcghR6Yidt
< set ü8uNKkqHJMh8QF2sqRLJAXE7kUumXFALN2jimXz4teCHtF8hgT-q.Dxih 0 0 1024
< get [oJDWRZuZvWAEEDeLMmCzFKaWdHrI.9amSnGuK8REebSso4C9rO64igaJ
< set ýmXPsS2Wzf3G2oDH5qihQ92XMjG3E3DxqkKgBMA8-DP20cJ5Q-mq8oLVV 0 0 1024
< get NiWumi3p57yKY.x1B20OCMdUvVC750bTi5LToOGtVCB2A73M93kMQLqJ
< set þG4uEiFkfKs0hub9Q2E0n1SHc998tC.wT2ohk1POMGO18zAY-OZmP-1-8 0 0 1024
< get Øyr6OonThbOAe3yMvWNgZVy3TcWTH5WG1LNP78tojFyMIuiBP3syZo-0O
< set ÿtjvG6frhzYzFbtshLnzbcd..Yfevzd0qKv4RYv6WR3l0wbhGMerzGpxo 0 0 1024
< get Y8bvRwirZ-QtE4aI7mgGmwf6WzZgk.E26qxYkdNIcn9qrj6yTmDDgsKBq
< set qN18cAvZVw7gM7DwQU87WVbHqJe7QCtEZuMA2GjYAqCWxPQMtZTN22fs 0 0 1024
< get “-ywdcbz-sZEaYyNK1CLEaN0O8qmxKgpKcjxCJuC9RQjzM4HNGcbqzbD6
< set kpIWK79p1DraTcEqP-5Fn5lLvWX5M2B4sTaAajzbwpANPOBoNH18MmUG 0 0 1024
< get 2hQUmVignsqYHLwwcP6-Q58iGC7ZOmCcRc5B6nstdgPu-Jociub6zkoEw
< set EdzdoPNbgrbdaRdVlvqQjltYC8fOODlcqjDd6bCnQnO.C-UyvIMc2D9E 0 0 1024
< get {Z3tBOnpE73dx9qSfT7AXx.OsoGqXXpf5sWGEH4TP74KGunvLu3sp1Ffp
< set gut8r6nCIxwOaMrz4i-qmI2Q9hPFoJqTBib0oMC4I7TsTIpY.oMk5O8E 0 0 1024
< get ÐPemqEhmymgpQ5ztKfTAacTCgJSMw1xyRaiFoN0k7gXXmUO47sEiShu6-
< set 9M2lAjjpkmCBkMnEimV9F.FueUkjpueyEhiOOPB69NItj35PpaY2ZnwB 0 0 1024
< get öKyKfjDAsDihaLJ6jeNIm-L49UnXB5L3PHO2.bCqovVMEoTyQqEBpaFy2
< set vGF7GNHCxaWelAvpiqFhm7aJbhEGI4IBKYIbvZnq8IStSLg89vqw1ODc 0 0 1024
< get ¿BTvvqCt03QyGn-Djy.h8Jia7ET8nwD95g3.VFsVIGSZ1RmlOkQW1748L
< set .oFKY7huuCwhqp.mTX5cEh-S7-HTmydkls2Hzk9sw4XktVUL1axFFwhM 0 0 1024
< get }KpSo2DddPqq8mkZLwt7LBeCwDgc0gAz.zPm-cOd-CR7y9gH3XOPj1bdE
< set pdmXKKmGFUT08fWkE4qmckwUuwbGmsIZU25oMr3cJWcS96AOB.8nj2Fb 0 0 1024
< get ¸bAjT.aft9SIYw1V8laUOAeXhglfNofAOpurnSUfbwx7qzcyiAQ4K2b-i
< set vtE5ikG5LeGwtgkWIC0R7GQ2sCGoHebBWpGCXWHs9Xn0CVXUhXvooJqe 0 0 1024
< get ÕWvq05Yrs3lIfAdokfLrmDP952-Mzge9BXzBdW1TZmmCwN-e0KTmXtvdv
< set v6QMLpc802s5ZR.IlPq4tLhRdolmP-PI6pfRcFZcHPiqrg7a3xewGKMt 0 0 1024
< get IpD-AYcy.5j8vIXxvysGedHlnZZR-0DHpRGzztvxyc3suanoXd29FJu0
< set DAp1V.3Pb8nkoipj1qcQNiKGAui9Xz7k7wlcuo-TwnBiT-PUp0vAiDQt 0 0 1024
< get ÐPemqEhmymgpQ5ztKfTAacTCgJSMw1xyRaiFoN0k7gXXmUO47sEiShu6-
< set 8imVYqyD8I2O9RrIgWcAxvm6bnvceZknFVGnJC.RU1peSew68WG3P19. 0 0 1024
< get kpIWK79p1DraTcEqP-5Fn5lLvWX5M2B4sTaAajzbwpANPOBoNH18MmUG
< set e9WuajBjkXExxcp.IWvN.a-yflZgPvH12nvdU5KDcY8X9xVRRPoPzoMc 0 0 1024
< get žnhQ09NLGDswJbdPQ.rWfnlyzIVyNYGCJycJ5.eLBUGU3ttUrj.VUjRR-
< set I80jJeNZBRx6VyuMK1tGVw0tj8MNwEeCNfvgHGDSi9ZB5RXPSPgxJgp0 0 0 1024
< get öKyKfjDAsDihaLJ6jeNIm-L49UnXB5L3PHO2.bCqovVMEoTyQqEBpaFy2
< set Qwg.W9oeVDgFtInbNYICR8z6UVVIsM6HHmFnv1PPE3e6LPhixzvM5sSZ 0 0 1024
< get ×laXO6tiFM9pasWl15r5abHK8Z6HSBZpx7LJEC-TZ8G7.ms-ri5QHMkPv
< set qCsxBTmhI-TmOcX6QTziiBauM5DhM1AAD06OTs3mrXWD71JYUHEBSo3o 0 0 1024
< get —QairgDZB8jiacn1Ts9pvpCG.4V0v6ZhW7OLnbuykcfICQKfGTS9GeQEi
< set 0v7YTLKUyNHp1v7TAvVXFksB2-lsKxMdqT9HoUmkr1XsweK4XpcmXSxZR 0 0 1024
< get ÕWvq05Yrs3lIfAdokfLrmDP952-Mzge9BXzBdW1TZmmCwN-e0KTmXtvdv
< set 139ClP7a8lhDujw0HNaEq.prK69vf1KI5TUqsbO.L3BDm6D1ToGHm364A 0 0 1024
< get Whibc3oVi16GJLMqg2GpzDGi5vbkzdqUIW3uZsNFtTWAos.TuFGrSXXX
< set 2UlFJ5e13U9AdAVgVHQrAlPHaqgQKBq4fZJzex.iP7s0HLgmc4bmq.1Oo 0 0 1024
< get gut8r6nCIxwOaMrz4i-qmI2Q9hPFoJqTBib0oMC4I7TsTIpY.oMk5O8E
< set 30k9u5GvuR5lmE1kMIbexnWo-EpMu3jP3RYxWoqODv7.89iURH7M3d92r 0 0 1024
< get ˜row2XZOD6.GdbW-dqynYz4MG3g4.iQJXDDZkmxxtvCUViU6WQt3NxPd.
< set 4LewOz6G3p1O277gJCQ6qvw-45ffSi1G2fAQcGgf3h16o9m5LAB93588B 0 0 1024
< get =Oqu7GY3Bqf9tEf22Mt.NyqS6J0.da3yzuq48M7JAmS1.630Sx.qtpGz6
< set 5bf6oJPloIb1aF4ajkI458KyQlQQPffJEIP0bpmO5LPgaTEICWMHfgD3P 0 0 1024
< get tm1MXB9A0HM-VvZwl.H3EuExdatgMWiBGjXnvgyvxIuQBRKxPb.dTCY4n
< set 6h9KOaur.mBXxt.ieaNR72P.doex2rS8WbSuAKj85vf0mdjOB4pJ6CHk. 0 0 1024
< get RIbu62-y5wIpunUyHUv3xEucXBdZe2z3LYxRbwNgrgTjRxfiQYmLnexI
< set 7HsqdPRunB-xfNatdnAioM3UPbYe45YDNP1.oTsaesVHD39qqJWcga539 0 0 1024
< get óYhxVGu2VtobNvLtcnjT7EgNIWK1Hw16Si2xywzRnm08fL-F6jjExNbDu
< set 85ODtET4fp9jDp-5KvfO5u8sdj7u3JCvPa7GoaKROT9bG8hb1Kz7C5zqp 0 0 1024
< get |SmonUiPv5kLRKLlwqqPfq4CYvdztU7lwtYhLE5EJpZk7uT1jHQM5UYdO
< set 9yM8qNkNELimxUtItM.KOQlQOPPDMNskJCs7aaVovBYqfP6Wl4q7UaXtz 0 0 1024
< get 96u6w9TOLBHlBOMTTqbZ9T0bH-gW4kKyqC2kLW6ghNQslmJDbumkMmJdm
< set :0mg5lMOEOApL9eJIPTh82d4la7yfSthSeLYNiwb44OQD1jVQABYDocyM 0 0 1024
< get Ù1Z1MWlzNsJfm7WC6WR0YTgp8QlbkeYNf5O-b7zy.GckO6wUcMU8p9xxZ
< set ;uqghnoi8XKs6M3fso26e2.G13tpkLXvDLZv6MbEtv5zF8c6weCYgBoiE 0 0 1024
< get uWi1mpY2.zyXWwzxG3Lr1lBFJnBOlredMKf67B8584ce.ZaFdv4eeGux
< set <IeX7l8-O99PGVsAiiDY0cRizCYYsR.QkcyrL4qjDz7TSzd9fqhfR7MOJ 0 0 1024
< get wtd0R7YjDUDPX5xVT9ehRara.fxkZOiMGJMhRuOeNc1uhzO860pYbe6ZH
< set =sj8BBG022NX5yM1UO3hBZk-3s7zK4z9xhH6sX6uaTPfPlgu7jZIGHIJ8 0 0 1024
< get X8KQAOlwczK0eWAbwOB5p1ML8cHhiBTBJnbTAKNmHhmvBxU6JgB6hXRq7
< set >UUzuBUgRPaCejtGz2MrCDzuKMkQVfZJ71H-Clge8Eqmxh0ujMjwahou1 0 0 1024
< get Øyr6OonThbOAe3yMvWNgZVy3TcWTH5WG1LNP78tojFyMIuiBP3syZo-0O
< set ?0Gm0drUVNCc1ziOZyjF7RLq85ZFubvYb9Ibn84GVGtWDZumWb0d0LR8Q 0 0 1024
< get ýmXPsS2Wzf3G2oDH5qihQ92XMjG3E3DxqkKgBMA8-DP20cJ5Q-mq8oLVV
< set PpXXulSh4UpWmPVRVCae3eTiwU51YRC8Ejf6S5nXaa1KzXmSjK5myYTt0 0 0 1024
< get TsNrOWwXIXkwFtQvWg2uhxkhcIChDqyghJV3pPa6wI0A9Q3g46Ym1GRe
< set QFK5jAiIczpZVItvRkCZ72OW4AAXuGl8V4DDEvVqsJNMbFF1zRa4UyaY7 0 0 1024
< get òLvMhlVgWx2-F58OFrQhjf9Delo9Lzp6JiS.Rxfythx6n3V0uvhbZqoBZ
< set RunTz0m61LlQFyZW-3WPX5AyjOSKnVQtOCKLC4RDPAee6B96EfVlkfhR1 0 0 1024
< get ZstquZpAoz.SWzemXNzOs-S9uK7RQH4S7xG-U49G17jY4LIciG.YFQi7l
< set SBZa3-AFjplK7RI-mXgiYy-co6RKVttx3QV6QfL7S4RZVjYFECyn8xNw1 0 0 1024
< get 5bf6oJPloIb1aF4ajkI458KyQlQQPffJEIP0bpmO5LPgaTEICWMHfgD3P
< set TsEHarykhwH9ULEDsC.ZBHOlbBM.MbJNSXe0Mak1U-AyLO9Ba8llP7V-I 0 0 1024
< get IpD-AYcy.5j8vIXxvysGedHlnZZR-0DHpRGzztvxyc3suanoXd29FJu0
< set UwLnWHuUop-RSlCiQNfX.MDoWZ3q2hdqcyb6DUa-HaRjJdPj.3FzPSlw- 0 0 1024
< get 0v7YTLKUyNHp1v7TAvVXFksB2-lsKxMdqT9HoUmkr1XsweK4XpcmXSxZR
< set VJlESkLUIIcFf0LOvcl-FfAdRxtSOWwrpf3FNOjfhJuKJDiCpRB34LgWH 0 0 1024
< get EdzdoPNbgrbdaRdVlvqQjltYC8fOODlcqjDd6bCnQnO.C-UyvIMc2D9E
< set W8P9XlIRIUSY0ryv1FGs9eXAKf3lnXWAgvJBebcw43S4uO.vdElmtGwBv 0 0 1024
< get 3lmywFzbTq15aCViFraDgHVaYrm5ifYoOJlJYiu0Ww546amMPKZ3c2d8u
< set X3CCgsog12hC-Z9pFSP2kf9hNCVyIBpDF-PvsBZtEF3DoC11fQ3N3C2RO 0 0 1024
< get šffwmnGiibEzqrsaCMrtZm31YibPuhduLGo522nke0hSrX01tsvRcyS9e
< set YWyzZpYHhoIzxUmBU3qGHOWlkTDcECSFiPCFCkWuXorSHbdleR0wqWfYz 0 0 1024
< get TsEHarykhwH9ULEDsC.ZBHOlbBM.MbJNSXe0Mak1U-AyLO9Ba8llP7V-I
< set ZmkuNKHQjUcFnhs5APvj36MkvYssrzi1jQv5kBVRf5gRnWWxwPezV.iOX 0 0 1024
< get ;uqghnoi8XKs6M3fso26e2.G13tpkLXvDLZv6MbEtv5zF8c6weCYgBoiE
< set [NLugcEV3mJkFHRnHtBUYEYCGhIHKtKqEfiuFwNJgg1vxShCJsgr4D2Ku 0 0 1024
< get RunTz0m61LlQFyZW-3WPX5AyjOSKnVQtOCKLC4RDPAee6B96EfVlkfhR1
< set \OyEhA3fa54LlMTlazmui6FWPVBTenVe9RsqbwU9-YVkvyTTvEMcKb6k4 0 0 1024
< get 2hQUmVignsqYHLwwcP6-Q58iGC7ZOmCcRc5B6nstdgPu-Jociub6zkoEw
< set ]sB5KJSlTcLupY1iyTAFsRRsOcnuN0j5svABCdwfDFX1nYjj0tzsIOih- 0 0 1024
< get uWi1mpY2.zyXWwzxG3Lr1lBFJnBOlredMKf67B8584ce.ZaFdv4eeGux
< set ^Xv0obqJKRcLkHRQrXV6jY9EsiI2NDkWkdWWDLqXmQsUhHvXoOdVwmknT 0 0 1024
< get :1TKvdA..3uXgwurko0GXqf-xv22hMGVNkpGL.EJ16qh0iWkUW.-Kd-FX
< set _z5mQiSPJYG6FsaHUc0Mty1B6CMw.e0mb5X-nzP4WfAlWk0.K0LCyMN3Y 0 0 1024
< get ³u0RRrxZ5Pvw0oYL8vuaXbHciQoK8jpFcpg1ecak-Ue-GAKP3DzboFBVf
< set psNBtw4xtLrA5Hgbb.Dj46SkgMAgsBMi1ktveyqVHfgNxKyWJ9DNGg5w0 0 0 1024
< get r8CeEZT.kJ7AzcjxIbvGXSYiZeIeH256AHkOqBMYUUiS4PNM.GdVj9BGn
< set q.zlUuEmeyRrx5MOWmKkOyI.ONbE9NDJLA2p2GZgC.V73rWZbqHzmZx9x 0 0 1024
< get ßjiCBp4fe7vvBHuiyOPN-ZRoS8w02ZjDHPPSCU5qb.kmGcTC.sZzQ.ms6
< set rSuzlF9fVS6HqvG3wR8UcQvURSFDAQlBte9ctIFNkLeYEub8Kkdw8WPZy 0 0 1024
< get ÝrwV31OJqEjxZE-UJBlz9xZk1Tm-p88Tz2y13KKtY1p5GoZZzIW6D3qEW
< set st4jQGmq9Dl9FIWZiIF3NWRv45hbhNG7FKqfbaTkoCt1VOaBgpE2JfxNk 0 0 1024
< get rSuzlF9fVS6HqvG3wR8UcQvURSFDAQlBte9ctIFNkLeYEub8Kkdw8WPZy
< set tHCMgLSmqW1xB0stOUTtQr-hZSz48Bq4T1Q7MstANv5YvxPHPt9pi8VFb 0 0 1024
< get šffwmnGiibEzqrsaCMrtZm31YibPuhduLGo522nke0hSrX01tsvRcyS9e
< set umWmsqH0-8dwBIoowQcbmCPCyQUXU4LkqrUgflheuIY3aKrVlR4VdUiZu 0 0 1024
< get 2hQUmVignsqYHLwwcP6-Q58iGC7ZOmCcRc5B6nstdgPu-Jociub6zkoEw
< set vytDnCkmiU7viant5EF-XiLv5eih7J9FG0S1CBnufuoLSZCXnRXJ8sCDU 0 0 1024
< get hQtXKBVw7NXpgIkkzUZSR.pxbM9DUdS91JgMVAGcXoPB48v2cTU1RIy1
< set wkdhsB2xEbOKA2YtBXqkKkyUfV.0Js4cahHQsKM4vkP4mxxxSlfmTcE75 0 0 1024
< get >UUzuBUgRPaCejtGz2MrCDzuKMkQVfZJ71H-Clge8Eqmxh0ujMjwahou1
< set xKJHasHfTLRt9f5ZrP38KXDfofQyZO-giIxH8CwbXLSh-YEqxHyGpAvbp 0 0 1024
< get RunTz0m61LlQFyZW-3WPX5AyjOSKnVQtOCKLC4RDPAee6B96EfVlkfhR1
< set yCFfSBbGFiXpPgNtLlJM1FGAEEYlP8KeKZHmks0zYYnxC8oXt5tvK73YL 0 0 1024
< get ømafnQ.fDovoR.p9UN.K6V5x.BJyX3bpp9SbZQEnD7Ze5NnZkmtqFylE8
< set zsIA80U.3wNqMzZeO0kXhANa.MEMQ8tQ.9b6935C.S0KQZzoahJFrgpp0 0 0 1024
< get VJlESkLUIIcFf0LOvcl-FfAdRxtSOWwrpf3FNOjfhJuKJDiCpRB34LgWH
< set {m.Q7lzFwjwh4K9K3JmBySLYcoEQ3Q79A5ZIrWXlDRQIlZcotMzpoILO4 0 0 1024
< get X3CCgsog12hC-Z9pFSP2kf9hNCVyIBpDF-PvsBZtEF3DoC11fQ3N3C2RO
< set |SLuDQ-SbXrZTdXHwtCwmZ0rxERnonrtDAmRaltAHijkKF-E6C8sl9hgN 0 0 1024
< get wkdhsB2xEbOKA2YtBXqkKkyUfV.0Js4cahHQsKM4vkP4mxxxSlfmTcE75
< set }tk8cBHB33Z2ZXkZ5DcP2a-vfeBEiU.ZLihxty6w-fyYAh5FuhexFdqvG 0 0 1024
< get Qwg.W9oeVDgFtInbNYICR8z6UVVIsM6HHmFnv1PPE3e6LPhixzvM5sSZ
< set ~QGNQsYMPO.lVV9XdCxKPNX3kajMNdrM15jSxGoLem47FDesPZAoxirfG 0 0 1024
< get ½vXQk.SorFx9VNDyYSHcVnZ57tdJxmwNgRnOQEAFT6OyTbu-1AbWx9c20
< set XHE7LiSnE5aOt2y4YAJwHWpGp9HGJmoq21xNjN8xTiKKlGPHQiBhC.x- 0 0 1024
< get ²1ramx.vqYns.yRRGDZNAyyou8S0t63M7uxtqvneSYUQVvrl6O7HK33DB
< set A9j0BHy4j13V1vCON0GTR602T8zextz60g6Bx3Fe4I85BKTZKj0lq0oH 0 0 1024
< get ü8uNKkqHJMh8QF2sqRLJAXE7kUumXFALN2jimXz4teCHtF8hgT-q.Dxih
< set ‘ZJ01ScM-YO-Hixcka9F2M6Z-ghflkGhHZhJ0If-q1.5kviSTrhWBn3BR 0 0 1024
< get ‘ZJ01ScM-YO-Hixcka9F2M6Z-ghflkGhHZhJ0If-q1.5kviSTrhWBn3BR
< set ’I7EARnc.HousKsQsvQAsn.9Y65epVysn34yVrYT6KLzeBNV4ofxZe46k 0 0 1024
< get hQtXKBVw7NXpgIkkzUZSR.pxbM9DUdS91JgMVAGcXoPB48v2cTU1RIy1
< set “XCzQ8MmZ2l9FjOzmyHyPGHftFcq19jQgvN51kramaj-I5y22D.RTF5LV 0 0 1024
< get rSuzlF9fVS6HqvG3wR8UcQvURSFDAQlBte9ctIFNkLeYEub8Kkdw8WPZy
< set ”oh6SxKyQe8TflTSjAbHB5P9zLvB-Jat5FzYAHUbwc2ZLV-2fbJqgize2 0 0 1024
< get 9yM8qNkNELimxUtItM.KOQlQOPPDMNskJCs7aaVovBYqfP6Wl4q7UaXtz
< set •3v7B9kPuxhu2pKMPzbjPaYiMIIL.DXIGQQRZ8rS4WK6JeSjb1Q-cyhyE 0 0 1024
< get yfPjMiOWK0O2huvqf.-Y0Nd8cqAQWAVcpuJAbigvi2xNwqBZoA5pXix7W
< set –QxDl0We08-QVSa80NpJUlqEp8BbQUD.u8Bd8hF9pFZIh8QiVD-zzpCmx 0 0 1024
< get ùYzzsia-u285DiSVEIdoDlqvDbw0XdCH99E0so-kr7p2qFX2X9qkufe5E
< set —iQSFmMHuA1f66X7XxBbSuWkgXVEA-JOhjqwUBBMLC-RIWZqRkPtcwbHR 0 0 1024
< get oEKc8qUoPE6kue759Uz.3gaymbeknX9ZmTAuIehhsnQlPXqZ-oX2S5.C
< set ˜mfsJsp1jhrv3lZ9UQ.mNS7sYiqKszwZjZP1PC26tu-xdY46z2sKVzA1g 0 0 1024
< get 9vXrWoeddbLE4k8u-Nhvx37vEQ5-BWQLPxAvkpXLOsaSaiKZ3-S.2ZtH
< set ™iJIywYp.SOl7EO8j5LHScpUefyixBzuuGAqBid98-vFEHNxMiDoI0Gwf 0 0 1024
< get x73fa.vS.cYqEn.jPcH7UApZEKFwgLWeSZH0XBSWn-K-mIiAu.HM84wNO
< set š5tNVMujnHjmedwQ-NP25UTyKtK0o6hwBYHgvANgR5Q4iKUhhtknLBjf2 0 0 1024
< get rSuzlF9fVS6HqvG3wR8UcQvURSFDAQlBte9ctIFNkLeYEub8Kkdw8WPZy
< set ›yWH1b3cxUvTgXeLA5S-PIKL7KIP7RA1NhIPGL-CqvfUQHpaMFZlXu4fC 0 0 1024
< get ³u0RRrxZ5Pvw0oYL8vuaXbHciQoK8jpFcpg1ecak-Ue-GAKP3DzboFBVf
< set œFiRiFtZKwDqEfFJXmCxyneuuaNmMX7WmpxS2o-NiDBwsQDOBPJ7By-3W 0 0 1024
< get tm1MXB9A0HM-VvZwl.H3EuExdatgMWiBGjXnvgyvxIuQBRKxPb.dTCY4n
< set SwVZQOAEK8uA2KJLStGAauteNkwan8PE2unSGxga3Zk5t2QJvgTTZL5w 0 0 1024
< get IpD-AYcy.5j8vIXxvysGedHlnZZR-0DHpRGzztvxyc3suanoXd29FJu0
< set žJEQTymNvR4jH8mp88m7ScGrIqWmxqqt72Ia-2yuT0bl8LYGTINwvdlBS 0 0 1024
< get ±-y1gidllWWRx0Ch1B2lwAQt5JEs6Lb3LX4-EilzCFO7FapGlr-f0QW5j
< set ŸZ3ZSda0Vmlbzjj5uQRcab4CXWJC.z9lWCJyqtyJdiuaPbfH-4tafxmBR 0 0 1024
< get ÷VCBsRYrWSxjfq0mYuZkk6RuEI57Tcu154DxVlm-ChjrVjb1b9lJFABTS
< set °H-SnZsRLi-PRgdHcxu7L7FtMdDe05d9Mdb7ARYV7YuYCVpoRiwmp9d9m 0 0 1024
< get ü8uNKkqHJMh8QF2sqRLJAXE7kUumXFALN2jimXz4teCHtF8hgT-q.Dxih
< set ±BOA9Aa3M8x4iXp6WP.V54qYIEXAP8mDJ8NSIxWf4RjmzXtTwrz0vnYC- 0 0 1024
< get q6vSEu3ePoIJGEpXIM3-vSzvlj.ZR6V0COTRGW3fILyYal3s56s-ZpuIW
< set ²HjixnJPSMj5dZoSNhpCKnTKime5T1SvIAcExvdNFLTtuFJFx6RFtuZaf 0 0 1024
< get psNBtw4xtLrA5Hgbb.Dj46SkgMAgsBMi1ktveyqVHfgNxKyWJ9DNGg5w0
< set ³NGNlEh.7cDQmjrh1QbxgNHQhfHTU3ctRtEA5w8DWMdG3Ty4tX-YuHyZw 0 0 1024
< get ±BOA9Aa3M8x4iXp6WP.V54qYIEXAP8mDJ8NSIxWf4RjmzXtTwrz0vnYC-
< set ´2ZrqTkD9f4cGvFOKbDuUTW2v6TBYFPNHyC5PwIYZM9pFOCZ.PSSsyVl2 0 0 1024
< get _z5mQiSPJYG6FsaHUc0Mty1B6CMw.e0mb5X-nzP4WfAlWk0.K0LCyMN3Y
< set µkOGxA4ZFFTnYC98vJYGlpqUCJqflQRj8p.3z2dDH4.pG7y9QUQAHEeTX 0 0 1024
< get ›Ww5734R3y3pRQ5Z3v7jA.oFZ9CiAuyYOtdVwhxzd.m3PscSlj9vhx8E4
< set ¶p9tUA5QOK5Db9VL8zzO.n6XRaxQqL8B8H2dR71pR711GWMPTKnS5tzWS 0 0 1024
< get ÜgQNIA0Gqzqz3YPHpieZ6Zzj8E2WZS5x7VIPfIfUFURJ0qaqXDNdmKLuY
< set ·SCuz1udbaUzFoRZ..BoWxF7lONC3PHBsT3pUxR3Wv1lhSIfRTSxPh283 0 0 1024
< get V-n-KcpTV1rHPEJBjXDTq.9ga1zf-A399r9TRyxxzmCM.VXh0k8qiHUGI
< set ¸OjLo06rL9xLMdRWTc0Oh7B.r-9R2sDMExh1xosGxnbIO0oscpEHwPFlO 0 0 1024
< get ¸OjLo06rL9xLMdRWTc0Oh7B.r-9R2sDMExh1xosGxnbIO0oscpEHwPFlO
< set ¹xysEmH2I62J29DjFmS5y3Ye4ilDy4f3-bvDLBFdHHwKQ81guTlqWHSaz 0 0 1024
< get ÷VCBsRYrWSxjfq0mYuZkk6RuEI57Tcu154DxVlm-ChjrVjb1b9lJFABTS
< set º1qIcforNbeMHr6Zt4Vg-6ffcylxCb5scv8CYw1vWgGnVMKMRp1Qvg3Wc 0 0 1024
< get RIbu62-y5wIpunUyHUv3xEucXBdZe2z3LYxRbwNgrgTjRxfiQYmLnexI
< set »enZwKGvx0jhd-rjkoUK2WJcRsPMyx6yZtWTBmM7m3oO2e5mQZ5S4O2VE 0 0 1024
< get qN18cAvZVw7gM7DwQU87WVbHqJe7QCtEZuMA2GjYAqCWxPQMtZTN22fs
< set ¼Q1Xu1qUJC4wY3wsyrZV3hNIXQswLwbGKcnCechxolrKolAlbjEeObxv- 0 0 1024
< get YWyzZpYHhoIzxUmBU3qGHOWlkTDcECSFiPCFCkWuXorSHbdleR0wqWfYz
< set ½qH5sj.VHckV.3C-Xp-sb85B2C4oNVMvJd.9KzebZN4XQHWx4Wnfetrg3 0 0 1024
< get ”oh6SxKyQe8TflTSjAbHB5P9zLvB-Jat5FzYAHUbwc2ZLV-2fbJqgize2
< set ¾lXsz-rA54WJ3PpcoCsbWB.xzKLMit3tcajaaYkfcEyfdlGPx6.RIyMFG 0 0 1024
< get wtd0R7YjDUDPX5xVT9ehRara.fxkZOiMGJMhRuOeNc1uhzO860pYbe6ZH
< set ¿OSQ1r2c29G3tmVM7PguZ-mGq2dZ1ZDByfbzVdZXmpada3zhTdZ0dJGRM 0 0 1024
< get ”oh6SxKyQe8TflTSjAbHB5P9zLvB-Jat5FzYAHUbwc2ZLV-2fbJqgize2
< set ÐC3G4kunQsLM8ywjheC8BKqBwKI1baYqmb4qJybjow4ws.dXcqgo8Uz2o 0 0 1024
< get ü8uNKkqHJMh8QF2sqRLJAXE7kUumXFALN2jimXz4teCHtF8hgT-q.Dxih
< set ÑDvp4YtNO6udvoCr7uJdgQgxTlsz98-2LurPRimppeQiQdXXVq89Fp4iY 0 0 1024
< get ÜgQNIA0Gqzqz3YPHpieZ6Zzj8E2WZS5x7VIPfIfUFURJ0qaqXDNdmKLuY
< set ÒpXgvdmCg0BDUrpX9ct9a3Uw7liGaqaUd68WjuiNuuaNjOus.l0YpUSwE 0 0 1024
< get p5swYtz3C-N2nL7YfTGxInQ4PYleKeKgjAaF1YJDXgGJ-Nreq6a6t.BGW
< set ÓlVPEG2KmG0BYSg0hpGsMr9hNuLBPp.KYTjmjm5T05fYXJZC6p2SeB8-3 0 0 1024
< get ¶rF0vFYd3OTyWXEF95d4rd-pzfhnbBpM02MvHuWKGzGnUU0eadiPFiCCL
< set Ô1SXfflLTOqg-oHSV6TaoY.9s56OuAdNB3urjeAA0.q0m6SFCvp.So7It 0 0 1024
< get ”dTuCgrNL18W1xBjNaUaRE8mn4VmEmd2O4wakmy4n4ao-lVMKzxlB3Vy7
< set Õ5K5XdZxSB7eUsjjJAFUD-ldTjcH-COGIjMpKvlm4sOYi5G0FVUSVD4yw 0 0 1024
< get ”dTuCgrNL18W1xBjNaUaRE8mn4VmEmd2O4wakmy4n4ao-lVMKzxlB3Vy7
< set ÖZz5vKpSy9JCaP6OqvB8ZHihVm8MwV183-EyJ1PFBiRl5Y7wRJ2.akg3U 0 0 1024
< get ]sB5KJSlTcLupY1iyTAFsRRsOcnuN0j5svABCdwfDFX1nYjj0tzsIOih-
< set ×uTpmyNXGOxBkRU6M9bb4jTGA38veAny2FmoB7KSVFdDg5K0EvcJc3Zm7 0 0 1024
< get ~iL5Dfz63F3c8Z8j5.-vU0jFdlsgq4Gymc2.F-4IE8uNh04n-3gT4Njh6
< set ØbyIGBgezkEKNUzezbSH4iAoFHX7eUud3qvJ0ZxzI9HfdEHbqksuQ0hfH 0 0 1024
< get ÝrwV31OJqEjxZE-UJBlz9xZk1Tm-p88Tz2y13KKtY1p5GoZZzIW6D3qEW
< set ÙKNARsTDslLWvY8rfLS39Wc9osRn3LAtfX14NUHDDck69sxoBNrLuRUgH 0 0 1024
< get {Z3tBOnpE73dx9qSfT7AXx.OsoGqXXpf5sWGEH4TP74KGunvLu3sp1Ffp
< set ÚvNsMMlCE96LTZtBZjRIEf4jrs6wXuuSoFJ8b2LpBR8e.0pXjFqxuuejl 0 0 1024
< get öKyKfjDAsDihaLJ6jeNIm-L49UnXB5L3PHO2.bCqovVMEoTyQqEBpaFy2
< set ÛqMRmT7-YpbiJRbdwvddaFg35uX5zNUdBq2xIAxqzWWHy6us-WUZl8dq0 0 0 1024
< get ¾GMoagubqcj0RmpzJOuCb207Y79bWsQk6mWhQOGE.zEQj1N0PGC.ID5rK
< set ÜEu32dSyFYn-o1hvpraueAZyGs3YFMlGbdJdElZUIKT4L8z8.X0ciaZyQ 0 0 1024
< get 88pYd4pyL4K0BKOmM0HM62pxJLF2qlpzucVVgIR0Mm0X4OHQOZmVbaQu
< set Ýrd936o.k6dQpXX8OJqiTYalh9XhV.6DpjMsp8qYESy2zTAMm.2DXcyCl 0 0 1024
< get xKJHasHfTLRt9f5ZrP38KXDfofQyZO-giIxH8CwbXLSh-YEqxHyGpAvbp
< set Þrk1-tYEwD.V3qWgOxQoj4RNHOGNMN4RCoSBg-QaCO3GDZwbUKNCPpZgB 0 0 1024
< get PskK6I5mKFmROkXOs8dOYAG.4ESBGSUfID.OV38pIuEhcm3TugrQq5Pu
< set ßlrJ8TYmnYjewr5TcJzMnRZZZLoCmB84wzN2QwoBSWpMLvpxCmIzBrWlA 0 0 1024
< get 3lmywFzbTq15aCViFraDgHVaYrm5ifYoOJlJYiu0Ww546amMPKZ3c2d8u
< set ðSey6PYDDDLRDERERbd85c8x9tIh5ygfOJbUi8ivL1KYGlnhKOpP-xL8p 0 0 1024
< get gut8r6nCIxwOaMrz4i-qmI2Q9hPFoJqTBib0oMC4I7TsTIpY.oMk5O8E
< set ñtJRyiP3rXwooPe5vLt-sTMgLve4G4X-yqQuXpxMKr87EnC8647yXTdsM 0 0 1024
< get SwVZQOAEK8uA2KJLStGAauteNkwan8PE2unSGxga3Zk5t2QJvgTTZL5w
< set ò4Rj6T7N7uzFhM7n4eAzE19AddcaeaD.eehk5p6Ch3SMPZ8UBIRPJaZwC 0 0 1024
< get \k9aVwtUc2SXDHTQkbyIvEXfLzKbXHI70RhVMYzyaQUnhxBPW8hQMC3h9
< set óD3uUHmGwmPyXJAv2dDZd-Lsw-HUpxlq8pic4Tt.DGwkZ4dbhq8JpU9jT 0 0 1024
< get wtd0R7YjDUDPX5xVT9ehRara.fxkZOiMGJMhRuOeNc1uhzO860pYbe6ZH
< set ôzFnN2-1z7hqeba-005SbPE.ckcXYWnfT0Rq2Qr-XXp96O86OEYzdmyDV 0 0 1024
< get ^Xv0obqJKRcLkHRQrXV6jY9EsiI2NDkWkdWWDLqXmQsUhHvXoOdVwmknT
< set õhDXsepF29NL-7Me6QFG.sQpbLsNU1H9iUhZ6Uo8d9UcGqENETdDJ10vN 0 0 1024
< get ]sB5KJSlTcLupY1iyTAFsRRsOcnuN0j5svABCdwfDFX1nYjj0tzsIOih-
< set öDbesx0ZHSiNhHTbmq8w-vQFfrzs9U0zhbbYXc5o2o9j3dIpRQjQJ8gzz 0 0 1024
< get þG4uEiFkfKs0hub9Q2E0n1SHc998tC.wT2ohk1POMGO18zAY-OZmP-1-8
< set ÷LgWV8E-3u-D0kmQlcE9WK3gOf-iEXoDsSjLaxKepKrq2bEnBTwin.M9d 0 0 1024
< get ðSey6PYDDDLRDERERbd85c8x9tIh5ygfOJbUi8ivL1KYGlnhKOpP-xL8p
< set øIF1a1Ybni2-Bu0NrSV7BFeitzWIuFKbXZc5a9gLrjL0bLNQntYy6Afz7 0 0 1024
< get ü8uNKkqHJMh8QF2sqRLJAXE7kUumXFALN2jimXz4teCHtF8hgT-q.Dxih
< set ùO3nOflPVywQXrDc2a7eVWtaNFzY1M3qk7c7mLWFHQfoGsOIQWwv0nTN0 0 0 1024
< get 9M2lAjjpkmCBkMnEimV9F.FueUkjpueyEhiOOPB69NItj35PpaY2ZnwB
