

================================================================
== Vivado HLS Report for 'aesl_mux_load_4i368P'
================================================================
* Date:           Thu Jan 25 10:43:58 2018

* Version:        2017.1 (Build 1846317 on Thu Jun 22 18:17:09 MDT 2017)
* Project:        RSECore
* Solution:       solution1
* Product family: zynquplus
* Target device:  xczu9eg-ffvb1156-1-i-es1


================================================================
== Performance Estimates
================================================================
+ Timing (ns): 
    * Summary: 
    +--------+-------+----------+------------+
    |  Clock | Target| Estimated| Uncertainty|
    +--------+-------+----------+------------+
    |ap_clk  |  10.00|      1.61|        1.25|
    +--------+-------+----------+------------+

+ Latency (clock cycles): 
    * Summary: 
    +-----+-----+-----+-----+---------+
    |  Latency  |  Interval | Pipeline|
    | min | max | min | max |   Type  |
    +-----+-----+-----+-----+---------+
    |    0|    0|    0|    0|   none  |
    +-----+-----+-----+-----+---------+

    + Detail: 
        * Instance: 
        N/A

        * Loop: 
        N/A



================================================================
== Utilization Estimates
================================================================
* Summary: 
+-----------------+---------+-------+--------+--------+-----+
|       Name      | BRAM_18K| DSP48E|   FF   |   LUT  | URAM|
+-----------------+---------+-------+--------+--------+-----+
|DSP              |        -|      -|       -|       -|    -|
|Expression       |        -|      -|       0|    1138|    -|
|FIFO             |        -|      -|       -|       -|    -|
|Instance         |        -|      -|       -|       -|    -|
|Memory           |        -|      -|       -|       -|    -|
|Multiplexer      |        -|      -|       -|       -|    -|
|Register         |        -|      -|       -|       -|    -|
+-----------------+---------+-------+--------+--------+-----+
|Total            |        0|      0|       0|    1138|    0|
+-----------------+---------+-------+--------+--------+-----+
|Available        |     1824|   2520|  548160|  274080|    0|
+-----------------+---------+-------+--------+--------+-----+
|Utilization (%)  |        0|      0|       0|   ~0   |    0|
+-----------------+---------+-------+--------+--------+-----+

+ Detail: 
    * Instance: 
    N/A

    * DSP48: 
    N/A

    * Memory: 
    N/A

    * FIFO: 
    N/A

    * Expression: 
    +-------------------+----------+-------+---+-----+------------+------------+
    |   Variable Name   | Operation| DSP48E| FF| LUT | Bitwidth P0| Bitwidth P1|
    +-------------------+----------+-------+---+-----+------------+------------+
    |sel_tmp2_fu_52_p2  |   icmp   |      0|  0|    8|           2|           1|
    |sel_tmp4_fu_58_p2  |   icmp   |      0|  0|    9|           2|           3|
    |sel_tmp_fu_46_p2   |   icmp   |      0|  0|    8|           2|           1|
    |or_cond_fu_72_p2   |    or    |      0|  0|    9|           1|           1|
    |ap_return          |  select  |      0|  0|  368|           1|         368|
    |newSel1_fu_78_p3   |  select  |      0|  0|  368|           1|         368|
    |newSel_fu_64_p3    |  select  |      0|  0|  368|           1|         368|
    +-------------------+----------+-------+---+-----+------------+------------+
    |Total              |          |      0|  0| 1138|          10|        1110|
    +-------------------+----------+-------+---+-----+------------+------------+

    * Multiplexer: 
    N/A

    * Register: 
    N/A



================================================================
== Interface
================================================================
* Summary: 
+-----------------+-----+-----+------------+----------------------+--------------+
|    RTL Ports    | Dir | Bits|  Protocol  |     Source Object    |    C Type    |
+-----------------+-----+-----+------------+----------------------+--------------+
|empty            |  in |    2|   ap_none  |         empty        |    scalar    |
|parity_buffer_3  |  in |  368|   ap_none  |    parity_buffer_3   |    pointer   |
|parity_buffer_0  |  in |  368|   ap_none  |    parity_buffer_0   |    pointer   |
|parity_buffer_1  |  in |  368|   ap_none  |    parity_buffer_1   |    pointer   |
|parity_buffer_2  |  in |  368|   ap_none  |    parity_buffer_2   |    pointer   |
|ap_return        | out |  368| ap_ctrl_hs | aesl_mux_load_4i368P | return value |
+-----------------+-----+-----+------------+----------------------+--------------+

