

================================================================
== Vivado HLS Report for 'GF_multiply'
================================================================
* Date:           Thu Jan 25 10:43:58 2018

* Version:        2017.1 (Build 1846317 on Thu Jun 22 18:17:09 MDT 2017)
* Project:        RSECore
* Solution:       solution1
* Product family: zynquplus
* Target device:  xczu9eg-ffvb1156-1-i-es1


================================================================
== Performance Estimates
================================================================
+ Timing (ns): 
    * Summary: 
    +--------+-------+----------+------------+
    |  Clock | Target| Estimated| Uncertainty|
    +--------+-------+----------+------------+
    |ap_clk  |  10.00|      5.07|        1.25|
    +--------+-------+----------+------------+

+ Latency (clock cycles): 
    * Summary: 
    +-----+-----+-----+-----+----------+
    |  Latency  |  Interval | Pipeline |
    | min | max | min | max |   Type   |
    +-----+-----+-----+-----+----------+
    |    2|    2|    1|    1| function |
    +-----+-----+-----+-----+----------+

    + Detail: 
        * Instance: 
        N/A

        * Loop: 
        N/A



================================================================
== Utilization Estimates
================================================================
* Summary: 
+-----------------+---------+-------+--------+--------+-----+
|       Name      | BRAM_18K| DSP48E|   FF   |   LUT  | URAM|
+-----------------+---------+-------+--------+--------+-----+
|DSP              |        -|      -|       -|       -|    -|
|Expression       |        -|      -|       0|     111|    -|
|FIFO             |        -|      -|       -|       -|    -|
|Instance         |        -|      -|       -|       -|    -|
|Memory           |        2|      -|       0|       0|    -|
|Multiplexer      |        -|      -|       -|       -|    -|
|Register         |        -|      -|       7|       -|    -|
+-----------------+---------+-------+--------+--------+-----+
|Total            |        2|      0|       7|     111|    0|
+-----------------+---------+-------+--------+--------+-----+
|Available        |     1824|   2520|  548160|  274080|    0|
+-----------------+---------+-------+--------+--------+-----+
|Utilization (%)  |    ~0   |      0|   ~0   |   ~0   |    0|
+-----------------+---------+-------+--------+--------+-----+

+ Detail: 
    * Instance: 
    N/A

    * DSP48: 
    N/A

    * Memory: 
    +-----------+---------------------+---------+---+----+------+-----+------+-------------+
    |   Memory  |        Module       | BRAM_18K| FF| LUT| Words| Bits| Banks| W*Bits*Banks|
    +-----------+---------------------+---------+---+----+------+-----+------+-------------+
    |Table_1_U  |GF_multiply_Table_1  |        1|  0|   0|   256|    8|     1|         2048|
    |Table_r_U  |GF_multiply_Table_r  |        1|  0|   0|   256|    8|     1|         2048|
    +-----------+---------------------+---------+---+----+------+-----+------+-------------+
    |Total      |                     |        2|  0|   0|   512|   16|     2|         4096|
    +-----------+---------------------+---------+---+----+------+-----+------+-------------+

    * FIFO: 
    N/A

    * Expression: 
    +---------------------------+----------+-------+---+----+------------+------------+
    |       Variable Name       | Operation| DSP48E| FF| LUT| Bitwidth P0| Bitwidth P1|
    +---------------------------+----------+-------+---+----+------------+------------+
    |Sum_fu_103_p2              |     +    |      0|  0|  16|           9|           9|
    |tmp_2_i_fu_117_p2          |     +    |      0|  0|  15|           8|           8|
    |tmp_3_i_fu_123_p2          |     +    |      0|  0|  15|           8|           1|
    |ap_block_pp0_stage0_11001  |    and   |      0|  0|   9|           1|           1|
    |tmp_fu_73_p2               |   icmp   |      0|  0|  11|           8|           1|
    |tmp_s_fu_79_p2             |   icmp   |      0|  0|  11|           8|           1|
    |or_cond_fu_142_p2          |    or    |      0|  0|   9|           1|           1|
    |X_assign_4_fu_129_p3       |  select  |      0|  0|   8|           1|           8|
    |ap_return                  |  select  |      0|  0|   8|           1|           1|
    |ap_enable_pp0              |    xor   |      0|  0|   9|           1|           2|
    +---------------------------+----------+-------+---+----+------------+------------+
    |Total                      |          |      0|  0| 111|          46|          33|
    +---------------------------+----------+-------+---+----+------------+------------+

    * Multiplexer: 
    N/A

    * Register: 
    +--------------------------------+---+----+-----+-----------+
    |              Name              | FF| LUT| Bits| Const Bits|
    +--------------------------------+---+----+-----+-----------+
    |ap_CS_fsm                       |  1|   0|    1|          0|
    |ap_enable_reg_pp0_iter1         |  1|   0|    1|          0|
    |ap_enable_reg_pp0_iter2         |  1|   0|    1|          0|
    |ap_reg_pp0_iter1_tmp_reg_154    |  1|   0|    1|          0|
    |ap_reg_pp0_iter1_tmp_s_reg_159  |  1|   0|    1|          0|
    |tmp_reg_154                     |  1|   0|    1|          0|
    |tmp_s_reg_159                   |  1|   0|    1|          0|
    +--------------------------------+---+----+-----+-----------+
    |Total                           |  7|   0|    7|          0|
    +--------------------------------+---+----+-----+-----------+



================================================================
== Interface
================================================================
* Summary: 
+-----------+-----+-----+------------+--------------+--------------+
| RTL Ports | Dir | Bits|  Protocol  | Source Object|    C Type    |
+-----------+-----+-----+------------+--------------+--------------+
|ap_clk     |  in |    1| ap_ctrl_hs |  GF_multiply | return value |
|ap_rst     |  in |    1| ap_ctrl_hs |  GF_multiply | return value |
|ap_start   |  in |    1| ap_ctrl_hs |  GF_multiply | return value |
|ap_done    | out |    1| ap_ctrl_hs |  GF_multiply | return value |
|ap_idle    | out |    1| ap_ctrl_hs |  GF_multiply | return value |
|ap_ready   | out |    1| ap_ctrl_hs |  GF_multiply | return value |
|ap_return  | out |    8| ap_ctrl_hs |  GF_multiply | return value |
|X          |  in |    8|   ap_none  |       X      |    scalar    |
|Y          |  in |    8|   ap_none  |       Y      |    scalar    |
+-----------+-----+-----+------------+--------------+--------------+

