

================================================================
== Vivado HLS Report for 'RSE_core'
================================================================
* Date:           Thu Jan 25 10:43:59 2018

* Version:        2017.1 (Build 1846317 on Thu Jun 22 18:17:09 MDT 2017)
* Project:        RSECore
* Solution:       solution1
* Product family: zynquplus
* Target device:  xczu9eg-ffvb1156-1-i-es1


================================================================
== Performance Estimates
================================================================
+ Timing (ns): 
    * Summary: 
    +--------+-------+----------+------------+
    |  Clock | Target| Estimated| Uncertainty|
    +--------+-------+----------+------------+
    |ap_clk  |  10.00|      5.07|        1.25|
    +--------+-------+----------+------------+

+ Latency (clock cycles): 
    * Summary: 
    +-----+-----+-----+-----+---------+
    |  Latency  |  Interval | Pipeline|
    | min | max | min | max |   Type  |
    +-----+-----+-----+-----+---------+
    |    1|   50|    2|   51|   none  |
    +-----+-----+-----+-----+---------+

    + Detail: 
        * Instance: 
        +---------------------------------+----------------------+-----+-----+-----+-----+----------+
        |                                 |                      |  Latency  |  Interval | Pipeline |
        |             Instance            |        Module        | min | max | min | max |   Type   |
        +---------------------------------+----------------------+-----+-----+-----+-----+----------+
        |tmp_aesl_mux_load_4i368P_fu_208  |aesl_mux_load_4i368P  |    0|    0|    0|    0|   none   |
        |grp_GF_multiply_fu_222           |GF_multiply           |    2|    2|    1|    1| function |
        |grp_GF_multiply_fu_233           |GF_multiply           |    2|    2|    1|    1| function |
        |grp_GF_multiply_fu_244           |GF_multiply           |    2|    2|    1|    1| function |
        |grp_GF_multiply_fu_255           |GF_multiply           |    2|    2|    1|    1| function |
        |grp_GF_multiply_fu_266           |GF_multiply           |    2|    2|    1|    1| function |
        |grp_GF_multiply_fu_277           |GF_multiply           |    2|    2|    1|    1| function |
        |grp_GF_multiply_fu_288           |GF_multiply           |    2|    2|    1|    1| function |
        |grp_GF_multiply_fu_299           |GF_multiply           |    2|    2|    1|    1| function |
        |grp_GF_multiply_fu_310           |GF_multiply           |    2|    2|    1|    1| function |
        |grp_GF_multiply_fu_321           |GF_multiply           |    2|    2|    1|    1| function |
        |grp_GF_multiply_fu_332           |GF_multiply           |    2|    2|    1|    1| function |
        |grp_GF_multiply_fu_343           |GF_multiply           |    2|    2|    1|    1| function |
        |grp_GF_multiply_fu_354           |GF_multiply           |    2|    2|    1|    1| function |
        |grp_GF_multiply_fu_365           |GF_multiply           |    2|    2|    1|    1| function |
        |grp_GF_multiply_fu_376           |GF_multiply           |    2|    2|    1|    1| function |
        |grp_GF_multiply_fu_387           |GF_multiply           |    2|    2|    1|    1| function |
        |grp_GF_multiply_fu_398           |GF_multiply           |    2|    2|    1|    1| function |
        |grp_GF_multiply_fu_409           |GF_multiply           |    2|    2|    1|    1| function |
        |grp_GF_multiply_fu_420           |GF_multiply           |    2|    2|    1|    1| function |
        |grp_GF_multiply_fu_431           |GF_multiply           |    2|    2|    1|    1| function |
        |grp_GF_multiply_fu_442           |GF_multiply           |    2|    2|    1|    1| function |
        |grp_GF_multiply_fu_453           |GF_multiply           |    2|    2|    1|    1| function |
        |grp_GF_multiply_fu_464           |GF_multiply           |    2|    2|    1|    1| function |
        |grp_GF_multiply_fu_475           |GF_multiply           |    2|    2|    1|    1| function |
        |grp_GF_multiply_fu_486           |GF_multiply           |    2|    2|    1|    1| function |
        |grp_GF_multiply_fu_497           |GF_multiply           |    2|    2|    1|    1| function |
        |grp_GF_multiply_fu_508           |GF_multiply           |    2|    2|    1|    1| function |
        |grp_GF_multiply_fu_519           |GF_multiply           |    2|    2|    1|    1| function |
        |grp_GF_multiply_fu_530           |GF_multiply           |    2|    2|    1|    1| function |
        |grp_GF_multiply_fu_541           |GF_multiply           |    2|    2|    1|    1| function |
        |grp_GF_multiply_fu_552           |GF_multiply           |    2|    2|    1|    1| function |
        |grp_GF_multiply_fu_563           |GF_multiply           |    2|    2|    1|    1| function |
        +---------------------------------+----------------------+-----+-----+-----+-----+----------+

        * Loop: 
        +----------+-----+-----+----------+-----------+-----------+------+----------+
        |          |  Latency  | Iteration|  Initiation Interval  | Trip |          |
        | Loop Name| min | max |  Latency |  achieved |   target  | Count| Pipelined|
        +----------+-----+-----+----------+-----------+-----------+------+----------+
        |- Loop 1  |   48|   48|         4|          1|          1|    46|    yes   |
        +----------+-----+-----+----------+-----------+-----------+------+----------+



================================================================
== Utilization Estimates
================================================================
* Summary: 
+-----------------+---------+-------+--------+--------+-----+
|       Name      | BRAM_18K| DSP48E|   FF   |   LUT  | URAM|
+-----------------+---------+-------+--------+--------+-----+
|DSP              |        -|      -|       -|       -|    -|
|Expression       |        -|      -|   10231|   24577|    -|
|FIFO             |        -|      -|       -|       -|    -|
|Instance         |       64|      -|     224|    4690|    -|
|Memory           |        -|      -|       -|       -|    -|
|Multiplexer      |        -|      -|       -|      54|    -|
|Register         |        0|      -|    7611|      64|    -|
+-----------------+---------+-------+--------+--------+-----+
|Total            |       64|      0|   18066|   29385|    0|
+-----------------+---------+-------+--------+--------+-----+
|Available        |     1824|   2520|  548160|  274080|    0|
+-----------------+---------+-------+--------+--------+-----+
|Utilization (%)  |        3|      0|       3|      10|    0|
+-----------------+---------+-------+--------+--------+-----+

+ Detail: 
    * Instance: 
    +---------------------------------+----------------------+---------+-------+---+------+
    |             Instance            |        Module        | BRAM_18K| DSP48E| FF|  LUT |
    +---------------------------------+----------------------+---------+-------+---+------+
    |grp_GF_multiply_fu_222           |GF_multiply           |        2|      0|  7|   111|
    |grp_GF_multiply_fu_233           |GF_multiply           |        2|      0|  7|   111|
    |grp_GF_multiply_fu_244           |GF_multiply           |        2|      0|  7|   111|
    |grp_GF_multiply_fu_255           |GF_multiply           |        2|      0|  7|   111|
    |grp_GF_multiply_fu_266           |GF_multiply           |        2|      0|  7|   111|
    |grp_GF_multiply_fu_277           |GF_multiply           |        2|      0|  7|   111|
    |grp_GF_multiply_fu_288           |GF_multiply           |        2|      0|  7|   111|
    |grp_GF_multiply_fu_299           |GF_multiply           |        2|      0|  7|   111|
    |grp_GF_multiply_fu_310           |GF_multiply           |        2|      0|  7|   111|
    |grp_GF_multiply_fu_321           |GF_multiply           |        2|      0|  7|   111|
    |grp_GF_multiply_fu_332           |GF_multiply           |        2|      0|  7|   111|
    |grp_GF_multiply_fu_343           |GF_multiply           |        2|      0|  7|   111|
    |grp_GF_multiply_fu_354           |GF_multiply           |        2|      0|  7|   111|
    |grp_GF_multiply_fu_365           |GF_multiply           |        2|      0|  7|   111|
    |grp_GF_multiply_fu_376           |GF_multiply           |        2|      0|  7|   111|
    |grp_GF_multiply_fu_387           |GF_multiply           |        2|      0|  7|   111|
    |grp_GF_multiply_fu_398           |GF_multiply           |        2|      0|  7|   111|
    |grp_GF_multiply_fu_409           |GF_multiply           |        2|      0|  7|   111|
    |grp_GF_multiply_fu_420           |GF_multiply           |        2|      0|  7|   111|
    |grp_GF_multiply_fu_431           |GF_multiply           |        2|      0|  7|   111|
    |grp_GF_multiply_fu_442           |GF_multiply           |        2|      0|  7|   111|
    |grp_GF_multiply_fu_453           |GF_multiply           |        2|      0|  7|   111|
    |grp_GF_multiply_fu_464           |GF_multiply           |        2|      0|  7|   111|
    |grp_GF_multiply_fu_475           |GF_multiply           |        2|      0|  7|   111|
    |grp_GF_multiply_fu_486           |GF_multiply           |        2|      0|  7|   111|
    |grp_GF_multiply_fu_497           |GF_multiply           |        2|      0|  7|   111|
    |grp_GF_multiply_fu_508           |GF_multiply           |        2|      0|  7|   111|
    |grp_GF_multiply_fu_519           |GF_multiply           |        2|      0|  7|   111|
    |grp_GF_multiply_fu_530           |GF_multiply           |        2|      0|  7|   111|
    |grp_GF_multiply_fu_541           |GF_multiply           |        2|      0|  7|   111|
    |grp_GF_multiply_fu_552           |GF_multiply           |        2|      0|  7|   111|
    |grp_GF_multiply_fu_563           |GF_multiply           |        2|      0|  7|   111|
    |tmp_aesl_mux_load_4i368P_fu_208  |aesl_mux_load_4i368P  |        0|      0|  0|  1138|
    +---------------------------------+----------------------+---------+-------+---+------+
    |Total                            |                      |       64|      0|224|  4690|
    +---------------------------------+----------------------+---------+-------+---+------+

    * DSP48: 
    N/A

    * Memory: 
    N/A

    * FIFO: 
    N/A

    * Expression: 
    +-------------------------+----------+-------+-----+------+------------+------------+
    |      Variable Name      | Operation| DSP48E|  FF |  LUT | Bitwidth P0| Bitwidth P1|
    +-------------------------+----------+-------+-----+------+------------+------------+
    |i_1_fu_745_p2            |     +    |      0|    0|    16|           4|           9|
    |tmp_10_1_fu_965_p2       |    and   |      0|    0|   375|         368|         368|
    |tmp_10_2_fu_996_p2       |    and   |      0|    0|   375|         368|         368|
    |tmp_10_3_fu_1027_p2      |    and   |      0|    0|   375|         368|         368|
    |tmp_s_fu_934_p2          |    and   |      0|    0|   375|         368|         368|
    |tmp_3_fu_663_p2          |   icmp   |      0|    0|    13|           9|           9|
    |tmp_8_1_fu_682_p2        |   lshr   |      0|  787|  1595|         368|         368|
    |tmp_8_2_fu_691_p2        |   lshr   |      0|  787|  1595|         368|         368|
    |tmp_8_3_fu_700_p2        |   lshr   |      0|  787|  1595|         368|         368|
    |tmp_8_4_fu_709_p2        |   lshr   |      0|  787|  1595|         368|         368|
    |tmp_8_5_fu_718_p2        |   lshr   |      0|  787|  1595|         368|         368|
    |tmp_8_6_fu_727_p2        |   lshr   |      0|  787|  1595|         368|         368|
    |tmp_8_7_fu_736_p2        |   lshr   |      0|  787|  1595|         368|         368|
    |tmp_8_fu_673_p2          |   lshr   |      0|  787|  1595|         368|         368|
    |tmp_13_1_fu_980_p2       |    or    |      0|    0|   375|         368|         368|
    |tmp_13_2_fu_1011_p2      |    or    |      0|    0|   375|         368|         368|
    |tmp_13_3_fu_1042_p2      |    or    |      0|    0|   375|         368|         368|
    |tmp_9_fu_949_p2          |    or    |      0|    0|   375|         368|         368|
    |tmp_12_1_fu_975_p2       |    shl   |      0|  787|  1595|         368|         368|
    |tmp_12_2_fu_1006_p2      |    shl   |      0|  787|  1595|         368|         368|
    |tmp_12_3_fu_1037_p2      |    shl   |      0|  787|  1595|         368|         368|
    |tmp_5_fu_919_p2          |    shl   |      0|  787|  1595|           8|         368|
    |tmp_7_fu_944_p2          |    shl   |      0|  787|  1595|         368|         368|
    |ap_enable_pp0            |    xor   |      0|    0|     9|           1|           2|
    |ap_enable_reg_pp0_iter1  |    xor   |      0|    0|     9|           1|           2|
    |output_0_fu_787_p2       |    xor   |      0|    0|    15|           8|           8|
    |output_1_fu_829_p2       |    xor   |      0|    0|    15|           8|           8|
    |output_2_fu_871_p2       |    xor   |      0|    0|    15|           8|           8|
    |output_3_fu_913_p2       |    xor   |      0|    0|    15|           8|           8|
    |tmp10_fu_823_p2          |    xor   |      0|    0|    15|           8|           8|
    |tmp11_fu_811_p2          |    xor   |      0|    0|    15|           8|           8|
    |tmp12_fu_817_p2          |    xor   |      0|    0|    15|           8|           8|
    |tmp13_fu_847_p2          |    xor   |      0|    0|    15|           8|           8|
    |tmp14_fu_835_p2          |    xor   |      0|    0|    15|           8|           8|
    |tmp15_fu_841_p2          |    xor   |      0|    0|    15|           8|           8|
    |tmp16_fu_865_p2          |    xor   |      0|    0|    15|           8|           8|
    |tmp17_fu_853_p2          |    xor   |      0|    0|    15|           8|           8|
    |tmp18_fu_859_p2          |    xor   |      0|    0|    15|           8|           8|
    |tmp19_fu_889_p2          |    xor   |      0|    0|    15|           8|           8|
    |tmp1_fu_763_p2           |    xor   |      0|    0|    15|           8|           8|
    |tmp20_fu_877_p2          |    xor   |      0|    0|    15|           8|           8|
    |tmp21_fu_883_p2          |    xor   |      0|    0|    15|           8|           8|
    |tmp22_fu_907_p2          |    xor   |      0|    0|    15|           8|           8|
    |tmp23_fu_895_p2          |    xor   |      0|    0|    15|           8|           8|
    |tmp24_fu_901_p2          |    xor   |      0|    0|    15|           8|           8|
    |tmp2_fu_751_p2           |    xor   |      0|    0|    15|           8|           8|
    |tmp3_fu_757_p2           |    xor   |      0|    0|    15|           8|           8|
    |tmp4_fu_781_p2           |    xor   |      0|    0|    15|           8|           8|
    |tmp5_fu_769_p2           |    xor   |      0|    0|    15|           8|           8|
    |tmp6_fu_775_p2           |    xor   |      0|    0|    15|           8|           8|
    |tmp7_fu_805_p2           |    xor   |      0|    0|    15|           8|           8|
    |tmp8_fu_793_p2           |    xor   |      0|    0|    15|           8|           8|
    |tmp9_fu_799_p2           |    xor   |      0|    0|    15|           8|           8|
    |tmp_6_fu_924_p2          |    xor   |      0|    0|   375|         368|           2|
    +-------------------------+----------+-------+-----+------+------------+------------+
    |Total                    |          |      0|10231| 24577|        7975|        7976|
    +-------------------------+----------+-------+-----+------+------------+------------+

    * Multiplexer: 
    +-------------------------+----+-----------+-----+-----------+
    |           Name          | LUT| Input Size| Bits| Total Bits|
    +-------------------------+----+-----------+-----+-----------+
    |ap_NS_fsm                |  27|          5|    1|          5|
    |ap_enable_reg_pp0_iter1  |   9|          2|    1|          2|
    |ap_enable_reg_pp0_iter3  |   9|          2|    1|          2|
    |i_reg_197                |   9|          2|    9|         18|
    +-------------------------+----+-----------+-----+-----------+
    |Total                    |  54|         11|   12|         27|
    +-------------------------+----+-----------+-----+-----------+

    * Register: 
    +----------------------------------------+-----+----+-----+-----------+
    |                  Name                  |  FF | LUT| Bits| Const Bits|
    +----------------------------------------+-----+----+-----+-----------+
    |ap_CS_fsm                               |    4|   0|    4|          0|
    |ap_enable_reg_pp0_iter0                 |    1|   0|    1|          0|
    |ap_enable_reg_pp0_iter1                 |    1|   0|    1|          0|
    |ap_enable_reg_pp0_iter2                 |    1|   0|    1|          0|
    |ap_enable_reg_pp0_iter3                 |    1|   0|    1|          0|
    |ap_reg_grp_GF_multiply_fu_222_ap_start  |    1|   0|    1|          0|
    |ap_reg_grp_GF_multiply_fu_233_ap_start  |    1|   0|    1|          0|
    |ap_reg_grp_GF_multiply_fu_244_ap_start  |    1|   0|    1|          0|
    |ap_reg_grp_GF_multiply_fu_255_ap_start  |    1|   0|    1|          0|
    |ap_reg_grp_GF_multiply_fu_266_ap_start  |    1|   0|    1|          0|
    |ap_reg_grp_GF_multiply_fu_277_ap_start  |    1|   0|    1|          0|
    |ap_reg_grp_GF_multiply_fu_288_ap_start  |    1|   0|    1|          0|
    |ap_reg_grp_GF_multiply_fu_299_ap_start  |    1|   0|    1|          0|
    |ap_reg_grp_GF_multiply_fu_310_ap_start  |    1|   0|    1|          0|
    |ap_reg_grp_GF_multiply_fu_321_ap_start  |    1|   0|    1|          0|
    |ap_reg_grp_GF_multiply_fu_332_ap_start  |    1|   0|    1|          0|
    |ap_reg_grp_GF_multiply_fu_343_ap_start  |    1|   0|    1|          0|
    |ap_reg_grp_GF_multiply_fu_354_ap_start  |    1|   0|    1|          0|
    |ap_reg_grp_GF_multiply_fu_365_ap_start  |    1|   0|    1|          0|
    |ap_reg_grp_GF_multiply_fu_376_ap_start  |    1|   0|    1|          0|
    |ap_reg_grp_GF_multiply_fu_387_ap_start  |    1|   0|    1|          0|
    |ap_reg_grp_GF_multiply_fu_398_ap_start  |    1|   0|    1|          0|
    |ap_reg_grp_GF_multiply_fu_409_ap_start  |    1|   0|    1|          0|
    |ap_reg_grp_GF_multiply_fu_420_ap_start  |    1|   0|    1|          0|
    |ap_reg_grp_GF_multiply_fu_431_ap_start  |    1|   0|    1|          0|
    |ap_reg_grp_GF_multiply_fu_442_ap_start  |    1|   0|    1|          0|
    |ap_reg_grp_GF_multiply_fu_453_ap_start  |    1|   0|    1|          0|
    |ap_reg_grp_GF_multiply_fu_464_ap_start  |    1|   0|    1|          0|
    |ap_reg_grp_GF_multiply_fu_475_ap_start  |    1|   0|    1|          0|
    |ap_reg_grp_GF_multiply_fu_486_ap_start  |    1|   0|    1|          0|
    |ap_reg_grp_GF_multiply_fu_497_ap_start  |    1|   0|    1|          0|
    |ap_reg_grp_GF_multiply_fu_508_ap_start  |    1|   0|    1|          0|
    |ap_reg_grp_GF_multiply_fu_519_ap_start  |    1|   0|    1|          0|
    |ap_reg_grp_GF_multiply_fu_530_ap_start  |    1|   0|    1|          0|
    |ap_reg_grp_GF_multiply_fu_541_ap_start  |    1|   0|    1|          0|
    |ap_reg_grp_GF_multiply_fu_552_ap_start  |    1|   0|    1|          0|
    |ap_reg_grp_GF_multiply_fu_563_ap_start  |    1|   0|    1|          0|
    |data_buffer_0                           |  368|   0|  368|          0|
    |data_buffer_0_load_reg_1058             |  368|   0|  368|          0|
    |data_buffer_1                           |  368|   0|  368|          0|
    |data_buffer_1_load_reg_1063             |  368|   0|  368|          0|
    |data_buffer_2                           |  368|   0|  368|          0|
    |data_buffer_2_load_reg_1068             |  368|   0|  368|          0|
    |data_buffer_3                           |  368|   0|  368|          0|
    |data_buffer_3_load_reg_1073             |  368|   0|  368|          0|
    |data_buffer_4                           |  368|   0|  368|          0|
    |data_buffer_4_load_reg_1078             |  368|   0|  368|          0|
    |data_buffer_5                           |  368|   0|  368|          0|
    |data_buffer_5_load_reg_1083             |  368|   0|  368|          0|
    |data_buffer_6                           |  368|   0|  368|          0|
    |data_buffer_6_load_reg_1088             |  368|   0|  368|          0|
    |data_buffer_7                           |  368|   0|  368|          0|
    |data_buffer_7_load_reg_1093             |  368|   0|  368|          0|
    |i_reg_197                               |    9|   0|    9|          0|
    |input_0_reg_1114                        |    8|   0|    8|          0|
    |input_1_reg_1122                        |    8|   0|    8|          0|
    |input_2_reg_1130                        |    8|   0|    8|          0|
    |input_3_reg_1138                        |    8|   0|    8|          0|
    |input_4_reg_1146                        |    8|   0|    8|          0|
    |input_5_reg_1154                        |    8|   0|    8|          0|
    |input_6_reg_1162                        |    8|   0|    8|          0|
    |input_7_reg_1170                        |    8|   0|    8|          0|
    |parity_buffer_0                         |  368|   0|  368|          0|
    |parity_buffer_1                         |  368|   0|  368|          0|
    |parity_buffer_2                         |  368|   0|  368|          0|
    |parity_buffer_3                         |  368|   0|  368|          0|
    |tmp_3_reg_1101                          |    1|   0|    1|          0|
    |tmp_4_reg_1105                          |    9|   0|  368|        359|
    |tmp_3_reg_1101                          |   64|  32|    1|          0|
    |tmp_4_reg_1105                          |   64|  32|  368|        359|
    +----------------------------------------+-----+----+-----+-----------+
    |Total                                   | 7611|  64| 8211|        718|
    +----------------------------------------+-----+----+-----+-----------+



================================================================
== Interface
================================================================
* Summary: 
+---------------+-----+-----+------------+--------------+--------------+
|   RTL Ports   | Dir | Bits|  Protocol  | Source Object|    C Type    |
+---------------+-----+-----+------------+--------------+--------------+
|ap_clk         |  in |    1| ap_ctrl_hs |   RSE_core   | return value |
|ap_rst         |  in |    1| ap_ctrl_hs |   RSE_core   | return value |
|ap_start       |  in |    1| ap_ctrl_hs |   RSE_core   | return value |
|ap_done        | out |    1| ap_ctrl_hs |   RSE_core   | return value |
|ap_idle        | out |    1| ap_ctrl_hs |   RSE_core   | return value |
|ap_ready       | out |    1| ap_ctrl_hs |   RSE_core   | return value |
|operation      |  in |    8|   ap_none  |   operation  |    scalar    |
|index          |  in |   32|   ap_none  |     index    |    scalar    |
|is_parity      |  in |    1|   ap_none  |   is_parity  |    scalar    |
|data           |  in |  368|   ap_none  |     data     |    scalar    |
|parity         | out |  368|   ap_vld   |    parity    |    pointer   |
|parity_ap_vld  | out |    1|   ap_vld   |    parity    |    pointer   |
+---------------+-----+-----+------------+--------------+--------------+

